TAP version 13
# Subtest: usuario global sin query ve todas
ok 1 - usuario global sin query ve todas
  ---
  duration_ms: 2.4595
  ...
# Subtest: usuario global con sucursal_id filtra a esa sucursal
ok 2 - usuario global con sucursal_id filtra a esa sucursal
  ---
  duration_ms: 0.1787
  ...
# Subtest: usuario global con 'todas' ve todas
ok 3 - usuario global con 'todas' ve todas
  ---
  duration_ms: 0.1607
  ...
# Subtest: usuario amarrado ignora el query y usa su sucursal del token
ok 4 - usuario amarrado ignora el query y usa su sucursal del token
  ---
  duration_ms: 0.1624
  ...
# Subtest: filtrarPorSucursal deja pasar todo cuando verTodas
ok 5 - filtrarPorSucursal deja pasar todo cuando verTodas
  ---
  duration_ms: 0.2561
  ...
# Subtest: filtrarPorSucursal filtra por la sucursal indicada
ok 6 - filtrarPorSucursal filtra por la sucursal indicada
  ---
  duration_ms: 0.317
  ...
# Subtest: dentroDeAlcance permite cualquier sucursal cuando verTodas
ok 7 - dentroDeAlcance permite cualquier sucursal cuando verTodas
  ---
  duration_ms: 1.0991
  ...
# Subtest: dentroDeAlcance permite el registro de la propia sucursal de un amarrado
ok 8 - dentroDeAlcance permite el registro de la propia sucursal de un amarrado
  ---
  duration_ms: 0.2284
  ...
# Subtest: dentroDeAlcance rechaza el registro de otra sucursal para un amarrado
ok 9 - dentroDeAlcance rechaza el registro de otra sucursal para un amarrado
  ---
  duration_ms: 0.2402
  ...
# Subtest: crearApartado: rechaza cliente Público en General (id 0)
ok 10 - crearApartado: rechaza cliente Público en General (id 0)
  ---
  duration_ms: 3.3626
  ...
# Subtest: crearApartado: rechaza anticipo en $0
ok 11 - crearApartado: rechaza anticipo en $0
  ---
  duration_ms: 0.506
  ...
# Subtest: crearApartado: rechaza CRÉDITO como forma de pago del anticipo
ok 12 - crearApartado: rechaza CRÉDITO como forma de pago del anticipo
  ---
  duration_ms: 0.4844
  ...
# Subtest: registrarAbono: rechaza CRÉDITO como forma de pago del abono
ok 13 - registrarAbono: rechaza CRÉDITO como forma de pago del abono
  ---
  duration_ms: 1.3897
  ...
# Subtest: crearApartado: rechaza un anticipo mayor al total del apartado
ok 14 - crearApartado: rechaza un anticipo mayor al total del apartado
  ---
  duration_ms: 0.4276
  ...
# Subtest: crearApartado: rechaza apartar más de lo que hay en existencia
ok 15 - crearApartado: rechaza apartar más de lo que hay en existencia
  ---
  duration_ms: 0.4975
  ...
# Subtest: crearApartado: descuenta existencia de inmediato y crea el primer abono (el anticipo)
ok 16 - crearApartado: descuenta existencia de inmediato y crea el primer abono (el anticipo)
  ---
  duration_ms: 0.5382
  ...
# Subtest: registrarAbono: rechaza un abono mayor al saldo pendiente
ok 17 - registrarAbono: rechaza un abono mayor al saldo pendiente
  ---
  duration_ms: 1.0867
  ...
# Subtest: registrarAbono: acumula el abono y liquida automáticamente cuando cubre el saldo restante
ok 18 - registrarAbono: acumula el abono y liquida automáticamente cuando cubre el saldo restante
  ---
  duration_ms: 0.7609
  ...
# Subtest: registrarAbono: rechaza abonar un apartado que ya no está vigente
ok 19 - registrarAbono: rechaza abonar un apartado que ya no está vigente
  ---
  duration_ms: 1.0743
  ...
# Subtest: cancelarApartado: reintegra existencia y abona lo ya pagado al monedero del cliente
ok 20 - cancelarApartado: reintegra existencia y abona lo ya pagado al monedero del cliente
  ---
  duration_ms: 0.7122
  ...
# Subtest: procesarVencimientos: cancela automáticamente y abona al monedero un apartado pasados los 60 días
ok 21 - procesarVencimientos: cancela automáticamente y abona al monedero un apartado pasados los 60 días
  ---
  duration_ms: 0.4456
  ...
# Subtest: procesarVencimientos: no toca apartados que todavía están dentro del límite
ok 22 - procesarVencimientos: no toca apartados que todavía están dentro del límite
  ---
  duration_ms: 0.4057
  ...
# Subtest: listarApartados: solo devuelve los vigentes (ya corrió el vencimiento automático primero)
ok 23 - listarApartados: solo devuelve los vigentes (ya corrió el vencimiento automático primero)
  ---
  duration_ms: 0.6996
  ...
# Subtest: listarApartados: respeta el alcance de sucursal
ok 24 - listarApartados: respeta el alcance de sucursal
  ---
  duration_ms: 0.5115
  ...
# Subtest: obtenerApartadosProximosAVencer: respeta el umbral de 7 días y no repite si ya hay contacto registrado
ok 25 - obtenerApartadosProximosAVencer: respeta el umbral de 7 días y no repite si ya hay contacto registrado
  ---
  duration_ms: 0.6099
  ...
# Subtest: obtenerApartadosProximosAVencer: no incluye apartados con más de 7 días restantes
ok 26 - obtenerApartadosProximosAVencer: no incluye apartados con más de 7 días restantes
  ---
  duration_ms: 0.3262
  ...
# Subtest: calcularCorteEnCurso: los abonos de un apartado se suman al calculado por su propia forma de pago
ok 27 - calcularCorteEnCurso: los abonos de un apartado se suman al calculado por su propia forma de pago
  ---
  duration_ms: 3.7967
  ...
# Subtest: calcularCorteEnCurso: NO duplica dinero cuando un apartado se liquida en el mismo turno
ok 28 - calcularCorteEnCurso: NO duplica dinero cuando un apartado se liquida en el mismo turno
  ---
  duration_ms: 0.9801
  ...
# Subtest: calcularCorteEnCurso: un abono en TRANSFERENCIA se suma a transferencias, no a calculado
ok 29 - calcularCorteEnCurso: un abono en TRANSFERENCIA se suma a transferencias, no a calculado
  ---
  duration_ms: 0.4183
  ...
# Subtest: calcularCorteEnCurso: respeta la sucursal — no mezcla abonos de otra sucursal
ok 30 - calcularCorteEnCurso: respeta la sucursal — no mezcla abonos de otra sucursal
  ---
  duration_ms: 0.4752
  ...
# Subtest: armarSesion incluye sucursal y ver_todas para admin
ok 31 - armarSesion incluye sucursal y ver_todas para admin
  ---
  duration_ms: 2.6566
  ...
# Subtest: armarSesion marca ver_todas=false para cajero
ok 32 - armarSesion marca ver_todas=false para cajero
  ---
  duration_ms: 0.4016
  ...
# Subtest: listarDepartamentos arranca vacío y crearDepartamento agrega uno nuevo
ok 33 - listarDepartamentos arranca vacío y crearDepartamento agrega uno nuevo
  ---
  duration_ms: 2.6007
  ...
# Subtest: crearDepartamento rechaza nombre vacío
ok 34 - crearDepartamento rechaza nombre vacío
  ---
  duration_ms: 0.855
  ...
# Subtest: crearProveedor crea con nombre y campos secundarios por defecto
ok 35 - crearProveedor crea con nombre y campos secundarios por defecto
  ---
  duration_ms: 0.3792
  ...
# Subtest: crearProveedor rechaza nombre vacío
ok 36 - crearProveedor rechaza nombre vacío
  ---
  duration_ms: 0.4624
  ...
# Subtest: CEDIS (sucursal 6) existe en la fixture, sin ciudad Online, con sin_ubicacion true
ok 37 - CEDIS (sucursal 6) existe en la fixture, sin ciudad Online, con sin_ubicacion true
  ---
  duration_ms: 2.9917
  ...
# Subtest: MercadoLibre (sucursal 5) también tiene sin_ubicacion true
ok 38 - MercadoLibre (sucursal 5) también tiene sin_ubicacion true
  ---
  duration_ms: 0.672
  ...
# Subtest: las 4 sucursales físicas SÍ pueden configurar ubicación
ok 39 - las 4 sucursales físicas SÍ pueden configurar ubicación
  ---
  duration_ms: 0.466
  ...
# Subtest: CEDIS y MercadoLibre NO pueden configurar ubicación
ok 40 - CEDIS y MercadoLibre NO pueden configurar ubicación
  ---
  duration_ms: 0.4245
  ...
# Subtest: parsearFacturaXML extrae el emisor correctamente
ok 41 - parsearFacturaXML extrae el emisor correctamente
  ---
  duration_ms: 6.7251
  ...
# Subtest: parsearFacturaXML extrae el folio fiscal (UUID) del timbre
ok 42 - parsearFacturaXML extrae el folio fiscal (UUID) del timbre
  ---
  duration_ms: 0.9869
  ...
# Subtest: parsearFacturaXML extrae un concepto con su IVA
ok 43 - parsearFacturaXML extrae un concepto con su IVA
  ---
  duration_ms: 0.5243
  ...
# Subtest: parsearFacturaXML con múltiples conceptos los devuelve todos como arreglo
ok 44 - parsearFacturaXML con múltiples conceptos los devuelve todos como arreglo
  ---
  duration_ms: 1.2713
  ...
# Subtest: parsearFacturaXML rechaza un XML que no es un CFDI
ok 45 - parsearFacturaXML rechaza un XML que no es un CFDI
  ---
  duration_ms: 0.9777
  ...
# Subtest: parsearFacturaXML rechaza texto que no es XML
ok 46 - parsearFacturaXML rechaza texto que no es XML
  ---
  duration_ms: 0.2173
  ...
# Subtest: buscarClavesSat encuentra resultados por texto en la descripción
ok 47 - buscarClavesSat encuentra resultados por texto en la descripción
  ---
  duration_ms: 208.586
  ...
# Subtest: buscarClavesSat con texto vacío devuelve resultados paginados
ok 48 - buscarClavesSat con texto vacío devuelve resultados paginados
  ---
  duration_ms: 5.6018
  ...
# Subtest: buscarClavesSat pagina correctamente (página 2 trae resultados distintos a la 1)
ok 49 - buscarClavesSat pagina correctamente (página 2 trae resultados distintos a la 1)
  ---
  duration_ms: 11.1335
  ...
# Subtest: contarClavesSat devuelve el total de claves cuando la tabla existe
ok 50 - contarClavesSat devuelve el total de claves cuando la tabla existe
  ---
  duration_ms: 1.1122
  ...
# Subtest: necesitaImportarClavesSat: true si el total es 0 (tabla ausente o vacía)
ok 51 - necesitaImportarClavesSat: true si el total es 0 (tabla ausente o vacía)
  ---
  duration_ms: 0.547
  ...
# Subtest: necesitaImportarClavesSat: true si el total está por debajo del umbral esperado
ok 52 - necesitaImportarClavesSat: true si el total está por debajo del umbral esperado
  ---
  duration_ms: 0.248
  ...
# Subtest: necesitaImportarClavesSat: false si el total ya alcanza el umbral esperado
ok 53 - necesitaImportarClavesSat: false si el total ya alcanza el umbral esperado
  ---
  duration_ms: 0.2074
  ...
# Subtest: crearRecepcion suma existencia en la sucursal del CEDIS y guarda el renglón
ok 54 - crearRecepcion suma existencia en la sucursal del CEDIS y guarda el renglón
  ---
  duration_ms: 5.1946
  ...
# Subtest: crearRecepcion genera un movimiento de inventario tipo entrada por renglón
ok 55 - crearRecepcion genera un movimiento de inventario tipo entrada por renglón
  ---
  duration_ms: 0.4919
  ...
# Subtest: crearRecepcion actualiza el costo del producto cuando cambia
ok 56 - crearRecepcion actualiza el costo del producto cuando cambia
  ---
  duration_ms: 0.3757
  ...
# Subtest: crearRecepcion no toca precios si el costo capturado es igual al actual
ok 57 - crearRecepcion no toca precios si el costo capturado es igual al actual
  ---
  duration_ms: 0.3836
  ...
# Subtest: crearRecepcion rechaza sin proveedor
ok 58 - crearRecepcion rechaza sin proveedor
  ---
  duration_ms: 0.7311
  ...
# Subtest: crearRecepcion rechaza sin renglones
ok 59 - crearRecepcion rechaza sin renglones
  ---
  duration_ms: 0.2948
  ...
# Subtest: crearRecepcion rechaza cantidad <= 0
ok 60 - crearRecepcion rechaza cantidad <= 0
  ---
  duration_ms: 0.4034
  ...
# Subtest: listarRecepciones: usuario amarrado a CEDIS solo ve las suyas
ok 61 - listarRecepciones: usuario amarrado a CEDIS solo ve las suyas
  ---
  duration_ms: 0.9041
  ...
# Subtest: listarRecepciones: usuario global ve todas
ok 62 - listarRecepciones: usuario global ve todas
  ---
  duration_ms: 1.2902
  ...
# Subtest: crearRecepcion funciona con producto legacy sin precios array
ok 63 - crearRecepcion funciona con producto legacy sin precios array
  ---
  duration_ms: 0.5614
  ...
# Subtest: crearRecepcion no muta nada si un renglón posterior referencia un producto inexistente
ok 64 - crearRecepcion no muta nada si un renglón posterior referencia un producto inexistente
  ---
  duration_ms: 0.4408
  ...
# Subtest: crearRecepcion aplica descuento en pesos antes de recalcular costo
ok 65 - crearRecepcion aplica descuento en pesos antes de recalcular costo
  ---
  duration_ms: 0.4214
  ...
# Subtest: crearRecepcion aplica descuento en porcentaje antes de recalcular costo
ok 66 - crearRecepcion aplica descuento en porcentaje antes de recalcular costo
  ---
  duration_ms: 0.3523
  ...
# Subtest: crearRecepcion combina descuento en pesos y porcentaje: pesos primero, luego porcentaje
ok 67 - crearRecepcion combina descuento en pesos y porcentaje: pesos primero, luego porcentaje
  ---
  duration_ms: 0.3718
  ...
# Subtest: crearRecepcion sin descuento se comporta igual que antes (compatibilidad)
ok 68 - crearRecepcion sin descuento se comporta igual que antes (compatibilidad)
  ---
  duration_ms: 0.2526
  ...
# Subtest: crearRecepcion guarda clave_sat y localizacion cuando el renglón los trae
ok 69 - crearRecepcion guarda clave_sat y localizacion cuando el renglón los trae
  ---
  duration_ms: 0.5779
  ...
# Subtest: crearRecepcion respeta precios editados a mano en el renglón, sin dejar que actualizarCostoDesdeCompra los recalcule encima
ok 70 - crearRecepcion respeta precios editados a mano en el renglón, sin dejar que actualizarCostoDesdeCompra los recalcule encima
  ---
  duration_ms: 0.3593
  ...
# Subtest: crearRecepcion sin precios explícito en el renglón sigue recalculando con la fórmula normal
ok 71 - crearRecepcion sin precios explícito en el renglón sigue recalculando con la fórmula normal
  ---
  duration_ms: 0.2391
  ...
# Subtest: crearRecepcion rechaza una factura ya registrada (mismo uuid_cfdi)
ok 72 - crearRecepcion rechaza una factura ya registrada (mismo uuid_cfdi)
  ---
  duration_ms: 0.4561
  ...
# Subtest: crearRecepcion sin uuid_cfdi nunca choca con otras (no exige unicidad si no viene)
ok 73 - crearRecepcion sin uuid_cfdi nunca choca con otras (no exige unicidad si no viene)
  ---
  duration_ms: 0.782
  ...
# Subtest: consultarModulo fuerza la sucursal del usuario amarrado en ventas
ok 74 - consultarModulo fuerza la sucursal del usuario amarrado en ventas
  ---
  duration_ms: 2.5986
  ...
# Subtest: consultarModulo ignora un sucursal_id ajeno pedido por un amarrado
ok 75 - consultarModulo ignora un sucursal_id ajeno pedido por un amarrado
  ---
  duration_ms: 0.4099
  ...
# Subtest: consultarModulo filtra venta_detalle cruzando por ventas de la sucursal
ok 76 - consultarModulo filtra venta_detalle cruzando por ventas de la sucursal
  ---
  duration_ms: 0.923
  ...
# Subtest: usuario global ve todo
ok 77 - usuario global ve todo
  ---
  duration_ms: 0.3
  ...
# Subtest: consultarModulo ahora filtra movimientos_inventario para un amarrado (antes no estaba protegida)
ok 78 - consultarModulo ahora filtra movimientos_inventario para un amarrado (antes no estaba protegida)
  ---
  duration_ms: 0.3107
  ...
# Subtest: consultarModulo con movimientos_inventario vacío no revienta y no filtra nada de la nada (fail-safe)
ok 79 - consultarModulo con movimientos_inventario vacío no revienta y no filtra nada de la nada (fail-safe)
  ---
  duration_ms: 1.0063
  ...
# Subtest: consultarModulo: usuario global ve movimientos_inventario de todas las sucursales
ok 80 - consultarModulo: usuario global ve movimientos_inventario de todas las sucursales
  ---
  duration_ms: 0.3247
  ...
# Subtest: existe el permiso ver_montos_corte en modulo corte
ok 81 - existe el permiso ver_montos_corte en modulo corte
  ---
  duration_ms: 1.9702
  ...
# Subtest: Administrador y Gerente tienen el permiso; Cajero no
ok 82 - Administrador y Gerente tienen el permiso; Cajero no
  ---
  duration_ms: 1.1021
  ...
# Subtest: filtrarCorteEnCursoPorPermiso pone los montos y conteos en 0 sin el permiso
ok 83 - filtrarCorteEnCursoPorPermiso pone los montos y conteos en 0 sin el permiso
  ---
  duration_ms: 1.385
  ...
# Subtest: filtrarCorteEnCursoPorPermiso muestra todo con el permiso
ok 84 - filtrarCorteEnCursoPorPermiso muestra todo con el permiso
  ---
  duration_ms: 0.3046
  ...
# Subtest: actualizarCostoDesdeCompra actualiza el costo y recalcula precioVenta conservando la utilidad
ok 85 - actualizarCostoDesdeCompra actualiza el costo y recalcula precioVenta conservando la utilidad
  ---
  duration_ms: 2.3761
  ...
# Subtest: actualizarCostoDesdeCompra no hace nada si el costo capturado es igual al actual
ok 86 - actualizarCostoDesdeCompra no hace nada si el costo capturado es igual al actual
  ---
  duration_ms: 0.6406
  ...
# Subtest: actualizarCostoDesdeCompra funciona igual cuando el costo previo era 0
ok 87 - actualizarCostoDesdeCompra funciona igual cuando el costo previo era 0
  ---
  duration_ms: 0.9355
  ...
# Subtest: actualizarCostoDesdeCompra rechaza producto inexistente
ok 88 - actualizarCostoDesdeCompra rechaza producto inexistente
  ---
  duration_ms: 0.6337
  ...
# Subtest: actualizarCostoDesdeCompra no crash cuando producto no tiene precios array (legacy)
ok 89 - actualizarCostoDesdeCompra no crash cuando producto no tiene precios array (legacy)
  ---
  duration_ms: 0.2878
  ...
# Subtest: actualizarCostoDesdeCompra no crash cuando producto tiene precios=undefined explícitamente
ok 90 - actualizarCostoDesdeCompra no crash cuando producto tiene precios=undefined explícitamente
  ---
  duration_ms: 0.2711
  ...
# Subtest: resumenPorSucursal amarrado solo devuelve su sucursal
ok 91 - resumenPorSucursal amarrado solo devuelve su sucursal
  ---
  duration_ms: 3.2996
  ...
# Subtest: resumenPorSucursal global devuelve las 6
ok 92 - resumenPorSucursal global devuelve las 6
  ---
  duration_ms: 0.433
  ...
# Subtest: rankingVendedores amarrado solo trae vendedores de su sucursal
ok 93 - rankingVendedores amarrado solo trae vendedores de su sucursal
  ---
  duration_ms: 1.2001
  ...
# Subtest: crearProducto con departamento_id resuelve el nombre desde el catálogo
ok 94 - crearProducto con departamento_id resuelve el nombre desde el catálogo
  ---
  duration_ms: 3.7124
  ...
# Subtest: crearProducto sin departamento_id queda en null y muestra 'Sin definir'
ok 95 - crearProducto sin departamento_id queda en null y muestra 'Sin definir'
  ---
  duration_ms: 0.8287
  ...
# Subtest: listarProductos cae al texto legado en productos ya existentes sin departamento_id
ok 96 - listarProductos cae al texto legado en productos ya existentes sin departamento_id
  ---
  duration_ms: 2.0534
  ...
# Subtest: actualizarProducto cambia departamento_id
ok 97 - actualizarProducto cambia departamento_id
  ---
  duration_ms: 1.1757
  ...
# Subtest: clonarProducto propaga el departamento_id del original
ok 98 - clonarProducto propaga el departamento_id del original
  ---
  duration_ms: 0.7055
  ...
# Subtest: crearDeposito exige monto > 0
ok 99 - crearDeposito exige monto > 0
  ---
  duration_ms: 2.7265
  ...
# Subtest: crearDeposito usa la sucursal del token, no del body
ok 100 - crearDeposito usa la sucursal del token, no del body
  ---
  duration_ms: 0.6796
  ...
# Subtest: crearDeposito sin comprobante queda registrado sin bloquear
ok 101 - crearDeposito sin comprobante queda registrado sin bloquear
  ---
  duration_ms: 0.2274
  ...
# Subtest: crearDeposito con comprobante adjunta el link de Drive
ok 102 - crearDeposito con comprobante adjunta el link de Drive
  ---
  duration_ms: 1.6454
  ...
# Subtest: si Drive falla, el depósito igual queda registrado (comprobante opcional)
ok 103 - si Drive falla, el depósito igual queda registrado (comprobante opcional)
  ---
  duration_ms: 0.4249
  ...
# Subtest: crearDeposito rechaza un archivo con MIME inválido y NO crea nada
ok 104 - crearDeposito rechaza un archivo con MIME inválido y NO crea nada
  ---
  duration_ms: 0.3037
  ...
# Subtest: crearDeposito rechaza un archivo mayor a 10 MB y NO crea nada
ok 105 - crearDeposito rechaza un archivo mayor a 10 MB y NO crea nada
  ---
  duration_ms: 26.9975
  ...
# Subtest: folios únicos bajo capturas concurrentes (id síncrono)
ok 106 - folios únicos bajo capturas concurrentes (id síncrono)
  ---
  duration_ms: 10.1055
  ...
# Subtest: cancelarDeposito no borra, exige motivo, y respeta el alcance
ok 107 - cancelarDeposito no borra, exige motivo, y respeta el alcance
  ---
  duration_ms: 0.6127
  ...
# Subtest: listarDepositos respeta el alcance de sucursal
ok 108 - listarDepositos respeta el alcance de sucursal
  ---
  duration_ms: 0.613
  ...
# Subtest: subirDocumento rechaza una categoría inválida
ok 109 - subirDocumento rechaza una categoría inválida
  ---
  duration_ms: 3.1426
  ...
# Subtest: subirDocumento rechaza un tipo MIME no permitido
ok 110 - subirDocumento rechaza un tipo MIME no permitido
  ---
  duration_ms: 0.9673
  ...
# Subtest: subirDocumento rechaza un archivo de más de 10 MB
ok 111 - subirDocumento rechaza un archivo de más de 10 MB
  ---
  duration_ms: 27.0758
  ...
# Subtest: subirDocumento rechaza si el empleado no existe
ok 112 - subirDocumento rechaza si el empleado no existe
  ---
  duration_ms: 0.4677
  ...
# Subtest: subirDocumento crea el registro de metadata cuando todo es válido
ok 113 - subirDocumento crea el registro de metadata cuando todo es válido
  ---
  duration_ms: 1.7054
  ...
# Subtest: subirDocumento NO crea metadata si la subida a Drive falla
ok 114 - subirDocumento NO crea metadata si la subida a Drive falla
  ---
  duration_ms: 0.4279
  ...
# Subtest: listarDocumentos regresa solo los documentos de ese empleado
ok 115 - listarDocumentos regresa solo los documentos de ese empleado
  ---
  duration_ms: 0.5209
  ...
# Subtest: eliminarDocumento borra el registro y llama a drive.eliminarArchivoDeDrive
ok 116 - eliminarDocumento borra el registro y llama a drive.eliminarArchivoDeDrive
  ---
  duration_ms: 1.3876
  ...
# Subtest: eliminarDocumento NO borra la metadata si drive.eliminarArchivoDeDrive falla
ok 117 - eliminarDocumento NO borra la metadata si drive.eliminarArchivoDeDrive falla
  ---
  duration_ms: 0.5382
  ...
# Subtest: eliminarDocumento lanza error si el documento no existe para ese empleado
ok 118 - eliminarDocumento lanza error si el documento no existe para ese empleado
  ---
  duration_ms: 0.8652
  ...
# Subtest: intercambiarCodigo guarda los tokens en DB.drive.cuenta
ok 119 - intercambiarCodigo guarda los tokens en DB.drive.cuenta
  ---
  duration_ms: 4.4757
  ...
# Subtest: intercambiarCodigo lanza error si Google responde con error
ok 120 - intercambiarCodigo lanza error si Google responde con error
  ---
  duration_ms: 0.7397
  ...
# Subtest: tokenActivo refresca el token cuando ya expiró
ok 121 - tokenActivo refresca el token cuando ya expiró
  ---
  duration_ms: 0.5438
  ...
# Subtest: tokenActivo NO refresca si el token sigue vigente
ok 122 - tokenActivo NO refresca si el token sigue vigente
  ---
  duration_ms: 0.2384
  ...
# Subtest: tokenActivo lanza error si no hay cuenta conectada
ok 123 - tokenActivo lanza error si no hay cuenta conectada
  ---
  duration_ms: 0.4359
  ...
# Subtest: asegurarCarpetaRaiz crea la carpeta si no existe y cachea el id
ok 124 - asegurarCarpetaRaiz crea la carpeta si no existe y cachea el id
  ---
  duration_ms: 0.6435
  ...
# Subtest: asegurarCarpetaRaiz reusa la carpeta si ya existe en Drive
ok 125 - asegurarCarpetaRaiz reusa la carpeta si ya existe en Drive
  ---
  duration_ms: 0.5699
  ...
# Subtest: asegurarCarpetaEmpleado crea la subcarpeta 'Nombre (usuario)' y la cachea en el objeto usuario
ok 126 - asegurarCarpetaEmpleado crea la subcarpeta 'Nombre (usuario)' y la cachea en el objeto usuario
  ---
  duration_ms: 0.6426
  ...
# Subtest: asegurarCarpetaEmpleado reusa drive_folder_id si ya está en el usuario
ok 127 - asegurarCarpetaEmpleado reusa drive_folder_id si ya está en el usuario
  ---
  duration_ms: 0.3431
  ...
# Subtest: subirArchivoADrive sube el archivo con multipart y regresa id + webViewLink
ok 128 - subirArchivoADrive sube el archivo con multipart y regresa id + webViewLink
  ---
  duration_ms: 1.0366
  ...
# Subtest: subirArchivoADrive lanza error si Drive responde con error
ok 129 - subirArchivoADrive lanza error si Drive responde con error
  ---
  duration_ms: 0.4589
  ...
# Subtest: eliminarArchivoDeDrive borra el archivo sin lanzar error
ok 130 - eliminarArchivoDeDrive borra el archivo sin lanzar error
  ---
  duration_ms: 0.4471
  ...
# Subtest: eliminarArchivoDeDrive NO lanza error si el archivo ya no existe (404)
ok 131 - eliminarArchivoDeDrive NO lanza error si el archivo ya no existe (404)
  ---
  duration_ms: 0.3992
  ...
# Subtest: eliminarArchivoDeDrive SÍ lanza error si Drive responde otro código de error
ok 132 - eliminarArchivoDeDrive SÍ lanza error si Drive responde otro código de error
  ---
  duration_ms: 0.4387
  ...
# Subtest: asegurarCarpetaGarantia crea la subcarpeta con el folio y la cachea en la garantía
ok 133 - asegurarCarpetaGarantia crea la subcarpeta con el folio y la cachea en la garantía
  ---
  duration_ms: 0.5426
  ...
# Subtest: asegurarCarpetaGarantia reusa drive_folder_id si ya está en la garantía
ok 134 - asegurarCarpetaGarantia reusa drive_folder_id si ya está en la garantía
  ---
  duration_ms: 0.8739
  ...
# Subtest: asegurarCarpetaGastosSucursal crea la subcarpeta de la sucursal y la cachea
ok 135 - asegurarCarpetaGastosSucursal crea la subcarpeta de la sucursal y la cachea
  ---
  duration_ms: 0.7192
  ...
# Subtest: asegurarCarpetaGastosSucursal reusa el id cacheado sin llamar a Drive
ok 136 - asegurarCarpetaGastosSucursal reusa el id cacheado sin llamar a Drive
  ---
  duration_ms: 0.6273
  ...
# Subtest: asegurarCarpetaDepositosSucursal crea la subcarpeta de la sucursal y la cachea
ok 137 - asegurarCarpetaDepositosSucursal crea la subcarpeta de la sucursal y la cachea
  ---
  duration_ms: 1.0001
  ...
# Subtest: verificarConexion: sin cuenta conectada devuelve conectado=false
ok 138 - verificarConexion: sin cuenta conectada devuelve conectado=false
  ---
  duration_ms: 0.3573
  ...
# Subtest: verificarConexion: token vigente = conectado, sin llamar a Google
ok 139 - verificarConexion: token vigente = conectado, sin llamar a Google
  ---
  duration_ms: 0.2225
  ...
# Subtest: verificarConexion: token vencido pero refresh OK = conectado y refrescado
ok 140 - verificarConexion: token vencido pero refresh OK = conectado y refrescado
  ---
  duration_ms: 0.3356
  ...
# Subtest: verificarConexion: token vencido y refresh MUERTO = NO conectado (el bug real)
ok 141 - verificarConexion: token vencido y refresh MUERTO = NO conectado (el bug real)
  ---
  duration_ms: 0.2519
  ...
# Subtest: verificarConexion: cuenta sin refresh_token = NO conectado (no se puede sostener)
ok 142 - verificarConexion: cuenta sin refresh_token = NO conectado (no se puede sostener)
  ---
  duration_ms: 0.1389
  ...
# Subtest: ajustarExistencia afecta la existencia de la sucursal indicada
ok 143 - ajustarExistencia afecta la existencia de la sucursal indicada
  ---
  duration_ms: 2.9191
  ...
# Subtest: crearVenta descuenta inventario de su propia sucursal
ok 144 - crearVenta descuenta inventario de su propia sucursal
  ---
  duration_ms: 1.5651
  ...
# Subtest: POST /api/productos/:id/ajustar: un usuario amarrado a su sucursal no puede forzar otra vía body.sucursal_id
ok 145 - POST /api/productos/:id/ajustar: un usuario amarrado a su sucursal no puede forzar otra vía body.sucursal_id
  ---
  duration_ms: 0.6204
  ...
# Subtest: POST /api/productos/:id/ajustar: un usuario con ver_todas_las_sucursales sí puede elegir sucursal_id por body
ok 146 - POST /api/productos/:id/ajustar: un usuario con ver_todas_las_sucursales sí puede elegir sucursal_id por body
  ---
  duration_ms: 0.3445
  ...
# Subtest: PUT /api/ventas/:id/cancelar: un amarrado NO puede cancelar la venta de otra sucursal
ok 147 - PUT /api/ventas/:id/cancelar: un amarrado NO puede cancelar la venta de otra sucursal
  ---
  duration_ms: 0.366
  ...
# Subtest: PUT /api/ventas/:id/cancelar: un amarrado sí puede cancelar la venta de su propia sucursal
ok 148 - PUT /api/ventas/:id/cancelar: un amarrado sí puede cancelar la venta de su propia sucursal
  ---
  duration_ms: 0.4361
  ...
# Subtest: POST /api/apartados/:id/abonos: un amarrado NO puede abonar el apartado de otra sucursal
ok 149 - POST /api/apartados/:id/abonos: un amarrado NO puede abonar el apartado de otra sucursal
  ---
  duration_ms: 0.9329
  ...
# Subtest: PUT /api/apartados/:id/cancelar: un amarrado NO puede cancelar el apartado de otra sucursal
ok 150 - PUT /api/apartados/:id/cancelar: un amarrado NO puede cancelar el apartado de otra sucursal
  ---
  duration_ms: 0.4124
  ...
# Subtest: POST /api/apartados/:id/abonos: un amarrado sí puede abonar el apartado de su propia sucursal
ok 151 - POST /api/apartados/:id/abonos: un amarrado sí puede abonar el apartado de su propia sucursal
  ---
  duration_ms: 0.4143
  ...
# Subtest: listarProductos muestra la existencia de la sucursal pedida
ok 152 - listarProductos muestra la existencia de la sucursal pedida
  ---
  duration_ms: 0.6446
  ...
# Subtest: saldo = depositado − mercancía recibida (a costo)
ok 153 - saldo = depositado − mercancía recibida (a costo)
  ---
  duration_ms: 2.4794
  ...
# Subtest: un traspaso en_transito NO cuenta como recibido
ok 154 - un traspaso en_transito NO cuenta como recibido
  ---
  duration_ms: 0.2559
  ...
# Subtest: sin foto de costo, usa el costo actual del producto
ok 155 - sin foto de costo, usa el costo actual del producto
  ---
  duration_ms: 0.2981
  ...
# Subtest: el alcance oculta las tiendas de otras sucursales
ok 156 - el alcance oculta las tiendas de otras sucursales
  ---
  duration_ms: 0.309
  ...
# Subtest: el filtro usa la fecha LOCAL de la tienda (cruza la medianoche UTC)
ok 157 - el filtro usa la fecha LOCAL de la tienda (cruza la medianoche UTC)
  ---
  duration_ms: 1.2404
  ...
# Subtest: pedir una sola sucursal devuelve el detalle de movimientos
ok 158 - pedir una sola sucursal devuelve el detalle de movimientos
  ---
  duration_ms: 1.5313
  ...
# Subtest: CEDIS no aparece como deudor (es el origen, no destino)
ok 159 - CEDIS no aparece como deudor (es el origen, no destino)
  ---
  duration_ms: 0.2749
  ...
# Subtest: analizarFacturaImagen regresa los conceptos cuando el documento es legible
ok 160 - analizarFacturaImagen regresa los conceptos cuando el documento es legible
  ---
  duration_ms: 3.3241
  ...
# Subtest: analizarFacturaImagen lanza error con el motivo cuando el documento no es legible
ok 161 - analizarFacturaImagen lanza error con el motivo cuando el documento no es legible
  ---
  duration_ms: 0.9808
  ...
# Subtest: analizarFacturaImagen lanza un error claro si Claude no regresa un tool_use
ok 162 - analizarFacturaImagen lanza un error claro si Claude no regresa un tool_use
  ---
  duration_ms: 0.3946
  ...
# Subtest: analizarFacturaImagen manda un bloque type: document para PDF y type: image para JPG/PNG
ok 163 - analizarFacturaImagen manda un bloque type: document para PDF y type: image para JPG/PNG
  ---
  duration_ms: 0.3001
  ...
# Subtest: analizarFacturaImagen propaga el campo codigo de cada concepto cuando Claude lo incluye
ok 164 - analizarFacturaImagen propaga el campo codigo de cada concepto cuando Claude lo incluye
  ---
  duration_ms: 0.275
  ...
# Subtest: TOOL_EXTRAER_FACTURA declara codigo como opcional en el schema de cada concepto
ok 165 - TOOL_EXTRAER_FACTURA declara codigo como opcional en el schema de cada concepto
  ---
  duration_ms: 0.2244
  ...
# Subtest: TOOL_EXTRAER_FACTURA exige legible y conceptos en su schema
ok 166 - TOOL_EXTRAER_FACTURA exige legible y conceptos en su schema
  ---
  duration_ms: 0.1607
  ...
# Subtest: la zona de la tienda es la de México, no un desfase escrito a mano
ok 167 - la zona de la tienda es la de México, no un desfase escrito a mano
  ---
  duration_ms: 1.9503
  ...
# Subtest: fechaLocal: un instante de la NOCHE pertenece al día que la tienda vivió
ok 168 - fechaLocal: un instante de la NOCHE pertenece al día que la tienda vivió
  ---
  duration_ms: 0.2315
  ...
# Subtest: fechaLocal: la frontera real del día son las 06:00 UTC
ok 169 - fechaLocal: la frontera real del día son las 06:00 UTC
  ---
  duration_ms: 0.1628
  ...
# Subtest: fechaLocal: un instante de la mañana no se mueve
ok 170 - fechaLocal: un instante de la mañana no se mueve
  ---
  duration_ms: 0.181
  ...
# Subtest: fechaLocal: acepta Date, string ISO, y sin argumento devuelve hoy
ok 171 - fechaLocal: acepta Date, string ISO, y sin argumento devuelve hoy
  ---
  duration_ms: 0.325
  ...
# Subtest: fechaLocal: siempre devuelve el formato YYYY-MM-DD, con ceros a la izquierda
ok 172 - fechaLocal: siempre devuelve el formato YYYY-MM-DD, con ceros a la izquierda
  ---
  duration_ms: 0.156
  ...
# Subtest: las fechas locales se pueden ordenar y comparar como texto
ok 173 - las fechas locales se pueden ordenar y comparar como texto
  ---
  duration_ms: 0.3307
  ...
# Subtest: fechaLocal: da el mismo día sin importar si el ISO trae el desfase local incrustado o está normalizado a Z
ok 174 - fechaLocal: da el mismo día sin importar si el ISO trae el desfase local incrustado o está normalizado a Z
  ---
  duration_ms: 0.1681
  ...
# Subtest: fechaLocal: una fecha inválida cae en HOY en vez de reventar
ok 175 - fechaLocal: una fecha inválida cae en HOY en vez de reventar
  ---
  duration_ms: 0.3387
  ...
# Subtest: ahora() sigue devolviendo un instante ISO en UTC
ok 176 - ahora() sigue devolviendo un instante ISO en UTC
  ---
  duration_ms: 0.5246
  ...
# Subtest: listarClientes filtra por sucursal pero mantiene a Público en General
ok 177 - listarClientes filtra por sucursal pero mantiene a Público en General
  ---
  duration_ms: 2.4527
  ...
# Subtest: listarClientes con verTodas trae todos
ok 178 - listarClientes con verTodas trae todos
  ---
  duration_ms: 0.3832
  ...
# Subtest: listarClientesCRM filtra por sucursal
ok 179 - listarClientesCRM filtra por sucursal
  ---
  duration_ms: 0.8223
  ...
# Subtest: GET /api/clientes/:id: un amarrado puede ver el cliente de su propia sucursal (200)
ok 180 - GET /api/clientes/:id: un amarrado puede ver el cliente de su propia sucursal (200)
  ---
  duration_ms: 0.3801
  ...
# Subtest: GET /api/clientes/:id: un amarrado NO puede ver el cliente de otra sucursal (404)
ok 181 - GET /api/clientes/:id: un amarrado NO puede ver el cliente de otra sucursal (404)
  ---
  duration_ms: 0.5135
  ...
# Subtest: GET /api/clientes/:id y /api/crm/clientes/:id: Público en General (id 0) es alcanzable sin importar la sucursal del usuario
ok 182 - GET /api/clientes/:id y /api/crm/clientes/:id: Público en General (id 0) es alcanzable sin importar la sucursal del usuario
  ---
  duration_ms: 0.5109
  ...
# Subtest: GET /api/crm/clientes/:id: un amarrado NO puede ver el cliente CRM de otra sucursal (404)
ok 183 - GET /api/crm/clientes/:id: un amarrado NO puede ver el cliente CRM de otra sucursal (404)
  ---
  duration_ms: 0.4275
  ...
# Subtest: GET /api/ventas/:id: un amarrado puede ver la venta de su propia sucursal (200)
ok 184 - GET /api/ventas/:id: un amarrado puede ver la venta de su propia sucursal (200)
  ---
  duration_ms: 0.4683
  ...
# Subtest: GET /api/ventas/:id: un amarrado NO puede ver la venta de otra sucursal (404)
ok 185 - GET /api/ventas/:id: un amarrado NO puede ver la venta de otra sucursal (404)
  ---
  duration_ms: 0.4469
  ...
# Subtest: GET /api/ventas/:id: un usuario con ver_todas_las_sucursales ve cualquier venta
ok 186 - GET /api/ventas/:id: un usuario con ver_todas_las_sucursales ve cualquier venta
  ---
  duration_ms: 0.597
  ...
# Subtest: el token incluye sucursal_id del usuario
ok 187 - el token incluye sucursal_id del usuario
  ---
  duration_ms: 7.3534
  ...
# Subtest: crearGarantia: crea en estado 'registrada' con folio, ubicación en la sucursal y primer movimiento
ok 188 - crearGarantia: crea en estado 'registrada' con folio, ubicación en la sucursal y primer movimiento
  ---
  duration_ms: 2.8017
  ...
# Subtest: crearGarantia: rechaza un producto inexistente
ok 189 - crearGarantia: rechaza un producto inexistente
  ---
  duration_ms: 0.8847
  ...
# Subtest: crearGarantia: guarda cliente_id, venta_id y proveedor_id cuando se pasan
ok 190 - crearGarantia: guarda cliente_id, venta_id y proveedor_id cuando se pasan
  ---
  duration_ms: 0.5539
  ...
# Subtest: marcarEnviada: solo desde 'registrada'; descuenta 1 de existencia, cambia ubicación y guarda proveedor
ok 191 - marcarEnviada: solo desde 'registrada'; descuenta 1 de existencia, cambia ubicación y guarda proveedor
  ---
  duration_ms: 0.8262
  ...
# Subtest: marcarEnviada: rechaza si la garantía no está en 'registrada'
ok 192 - marcarEnviada: rechaza si la garantía no está en 'registrada'
  ---
  duration_ms: 0.4353
  ...
# Subtest: actualizarUbicacion: solo en 'enviada'; cambia ubicación y agrega movimiento sin cambiar de estado
ok 193 - actualizarUbicacion: solo en 'enviada'; cambia ubicación y agrega movimiento sin cambiar de estado
  ---
  duration_ms: 0.5501
  ...
# Subtest: registrarResolucion (reparado): pasa a 'resuelta'
ok 194 - registrarResolucion (reparado): pasa a 'resuelta'
  ---
  duration_ms: 0.5678
  ...
# Subtest: registrarResolucion (rechazada): cierra directo sin pasar por 'resuelta'
ok 195 - registrarResolucion (rechazada): cierra directo sin pasar por 'resuelta'
  ---
  duration_ms: 0.3437
  ...
# Subtest: registrarResolucion (nota_credito): cierra directo
ok 196 - registrarResolucion (nota_credito): cierra directo
  ---
  duration_ms: 0.4709
  ...
# Subtest: registrarResolucion: rechaza un tipo de resolución inválido
ok 197 - registrarResolucion: rechaza un tipo de resolución inválido
  ---
  duration_ms: 0.9921
  ...
# Subtest: recibirEnTienda (con cliente): reintegra 1 a existencia y pasa a 'en_tienda_pendiente_entrega'
ok 198 - recibirEnTienda (con cliente): reintegra 1 a existencia y pasa a 'en_tienda_pendiente_entrega'
  ---
  duration_ms: 1.0706
  ...
# Subtest: recibirEnTienda (sin cliente): reintegra a existencia y cierra directo
ok 199 - recibirEnTienda (sin cliente): reintegra a existencia y cierra directo
  ---
  duration_ms: 1.3065
  ...
# Subtest: recibirEnTienda: rechaza si la garantía no está en 'resuelta'
ok 200 - recibirEnTienda: rechaza si la garantía no está en 'resuelta'
  ---
  duration_ms: 0.639
  ...
# Subtest: entregarACliente: de 'en_tienda_pendiente_entrega' pasa a 'cerrada'
ok 201 - entregarACliente: de 'en_tienda_pendiente_entrega' pasa a 'cerrada'
  ---
  duration_ms: 0.5178
  ...
# Subtest: rechazada nunca reintegra existencia (queda descontada tras el envío)
ok 202 - rechazada nunca reintegra existencia (queda descontada tras el envío)
  ---
  duration_ms: 0.3833
  ...
# Subtest: guard de alcance: un usuario de otra sucursal no puede actuar sobre una garantía ajena
ok 203 - guard de alcance: un usuario de otra sucursal no puede actuar sobre una garantía ajena
  ---
  duration_ms: 0.345
  ...
# Subtest: listarGarantias: respeta el alcance de sucursal
ok 204 - listarGarantias: respeta el alcance de sucursal
  ---
  duration_ms: 0.7091
  ...
# Subtest: marcarEnviada: en el caso normal marca stock_ajustado=true y lo anota en la bitácora
ok 205 - marcarEnviada: en el caso normal marca stock_ajustado=true y lo anota en la bitácora
  ---
  duration_ms: 0.7859
  ...
# Subtest: marcarEnviada: si el producto no tiene existencia en la sucursal, no lanza, avanza igual y marca stock_ajustado=false
ok 206 - marcarEnviada: si el producto no tiene existencia en la sucursal, no lanza, avanza igual y marca stock_ajustado=false
  ---
  duration_ms: 1.0137
  ...
# Subtest: recibirEnTienda: en el caso normal marca stock_ajustado=true
ok 207 - recibirEnTienda: en el caso normal marca stock_ajustado=true
  ---
  duration_ms: 0.6253
  ...
# Subtest: listarGarantias: calcula dias_sin_movimiento y atrasada contra el umbral configurable
ok 208 - listarGarantias: calcula dias_sin_movimiento y atrasada contra el umbral configurable
  ---
  duration_ms: 1.6908
  ...
# Subtest: agregarGasto sin archivo: guarda monto/tipo, sin comprobante, suma al total y deja movimiento
ok 209 - agregarGasto sin archivo: guarda monto/tipo, sin comprobante, suma al total y deja movimiento
  ---
  duration_ms: 3.0891
  ...
# Subtest: agregarGasto con archivo: sube a Drive y guarda drive_file_id/link/nombre
ok 210 - agregarGasto con archivo: sube a Drive y guarda drive_file_id/link/nombre
  ---
  duration_ms: 1.2288
  ...
# Subtest: agregarGasto rechaza tipo inválido
ok 211 - agregarGasto rechaza tipo inválido
  ---
  duration_ms: 1.0668
  ...
# Subtest: agregarGasto rechaza monto <= 0 o no numérico
ok 212 - agregarGasto rechaza monto <= 0 o no numérico
  ---
  duration_ms: 0.7475
  ...
# Subtest: agregarGasto rechaza MIME no permitido
ok 213 - agregarGasto rechaza MIME no permitido
  ---
  duration_ms: 0.6456
  ...
# Subtest: agregarGasto rechaza archivo mayor a 10MB
ok 214 - agregarGasto rechaza archivo mayor a 10MB
  ---
  duration_ms: 22.2348
  ...
# Subtest: agregarGasto respeta el guard de alcance
ok 215 - agregarGasto respeta el guard de alcance
  ---
  duration_ms: 0.7187
  ...
# Subtest: listarGastos respeta el alcance y devuelve solo los de esa garantía
ok 216 - listarGastos respeta el alcance y devuelve solo los de esa garantía
  ---
  duration_ms: 0.7836
  ...
# Subtest: eliminarGasto borra el archivo de Drive y el registro, y deja movimiento
ok 217 - eliminarGasto borra el archivo de Drive y el registro, y deja movimiento
  ---
  duration_ms: 2.1872
  ...
# Subtest: eliminarGasto respeta el guard de alcance
ok 218 - eliminarGasto respeta el guard de alcance
  ---
  duration_ms: 0.671
  ...
# Subtest: listarGarantias incluye total_gastos
ok 219 - listarGarantias incluye total_gastos
  ---
  duration_ms: 1.7452
  ...
# Subtest: crearGasto: guarda el gasto con folio, comprobante y bitácora
ok 220 - crearGasto: guarda el gasto con folio, comprobante y bitácora
  ---
  duration_ms: 3.5122
  ...
# Subtest: crearGasto: la sucursal sale del TOKEN, nunca del cuerpo de la petición
ok 221 - crearGasto: la sucursal sale del TOKEN, nunca del cuerpo de la petición
  ---
  duration_ms: 0.5523
  ...
# Subtest: crearGasto: SIN archivo lo rechaza (el comprobante es obligatorio)
ok 222 - crearGasto: SIN archivo lo rechaza (el comprobante es obligatorio)
  ---
  duration_ms: 1.0122
  ...
# Subtest: crearGasto: si la subida a Drive falla, NO queda un gasto a medias
ok 223 - crearGasto: si la subida a Drive falla, NO queda un gasto a medias
  ---
  duration_ms: 0.5072
  ...
# Subtest: crearGasto: valida categoría, concepto, monto y forma de pago
ok 224 - crearGasto: valida categoría, concepto, monto y forma de pago
  ---
  duration_ms: 1.9527
  ...
# Subtest: crearGasto: rechaza una categoría desactivada
ok 225 - crearGasto: rechaza una categoría desactivada
  ---
  duration_ms: 0.6519
  ...
# Subtest: crearGasto: valida el tipo y el tamaño del comprobante
ok 226 - crearGasto: valida el tipo y el tamaño del comprobante
  ---
  duration_ms: 23.1599
  ...
# Subtest: cancelarGasto: exige motivo, NO borra, y queda en la bitácora
ok 227 - cancelarGasto: exige motivo, NO borra, y queda en la bitácora
  ---
  duration_ms: 0.824
  ...
# Subtest: cancelarGasto: no se puede cancelar dos veces
ok 228 - cancelarGasto: no se puede cancelar dos veces
  ---
  duration_ms: 0.5331
  ...
# Subtest: cancelarGasto: un usuario de OTRA sucursal no puede cancelarlo ni por folio
ok 229 - cancelarGasto: un usuario de OTRA sucursal no puede cancelarlo ni por folio
  ---
  duration_ms: 1.2594
  ...
# Subtest: listarGastos: respeta el alcance y enriquece con nombres
ok 230 - listarGastos: respeta el alcance y enriquece con nombres
  ---
  duration_ms: 3.9239
  ...
# Subtest: movimientosDeGasto: respeta el alcance
ok 231 - movimientosDeGasto: respeta el alcance
  ---
  duration_ms: 0.6591
  ...
# Subtest: gastosEfectivoDelTurno: un gasto activo en EFECTIVO de la sucursal sí suma
ok 232 - gastosEfectivoDelTurno: un gasto activo en EFECTIVO de la sucursal sí suma
  ---
  duration_ms: 0.7317
  ...
# Subtest: gastosEfectivoDelTurno: TRANSFERENCIA y TARJETA no suman
ok 233 - gastosEfectivoDelTurno: TRANSFERENCIA y TARJETA no suman
  ---
  duration_ms: 0.6142
  ...
# Subtest: gastosEfectivoDelTurno: un gasto cancelado no suma
ok 234 - gastosEfectivoDelTurno: un gasto cancelado no suma
  ---
  duration_ms: 0.7335
  ...
# Subtest: gastosEfectivoDelTurno: un gasto de otra sucursal no suma
ok 235 - gastosEfectivoDelTurno: un gasto de otra sucursal no suma
  ---
  duration_ms: 0.4295
  ...
# Subtest: gastosEfectivoDelTurno: respeta 'desde' — un turno ya cerrado no suma, el turno en curso sí
ok 236 - gastosEfectivoDelTurno: respeta 'desde' — un turno ya cerrado no suma, el turno en curso sí
  ---
  duration_ms: 0.4078
  ...
# Subtest: gastosEfectivoDelTurno: sin 'desde' (primer turno de la tienda) suma todo lo activo en efectivo
ok 237 - gastosEfectivoDelTurno: sin 'desde' (primer turno de la tienda) suma todo lo activo en efectivo
  ---
  duration_ms: 0.3529
  ...
# Subtest: gastosEfectivoDelTurno: suma varios gastos y redondea a 2 decimales
ok 238 - gastosEfectivoDelTurno: suma varios gastos y redondea a 2 decimales
  ---
  duration_ms: 0.617
  ...
# Subtest: crearGasto: rechaza sucursal_id vacía o inválida en vez de asumir la sucursal 1
ok 239 - crearGasto: rechaza sucursal_id vacía o inválida en vez de asumir la sucursal 1
  ---
  duration_ms: 0.8974
  ...
# Subtest: crearGasto: si Drive responde sin id o sin webViewLink, no queda un gasto con comprobante inalcanzable
ok 240 - crearGasto: si Drive responde sin id o sin webViewLink, no queda un gasto con comprobante inalcanzable
  ---
  duration_ms: 0.5964
  ...
# Subtest: crearGasto: dos capturas simultáneas de sucursales distintas, con Drive lento, NUNCA comparten id ni folio
ok 241 - crearGasto: dos capturas simultáneas de sucursales distintas, con Drive lento, NUNCA comparten id ni folio
  ---
  duration_ms: 66.1667
  ...
# ✓ Sistema de permisos validado: 9 módulos, 76 permisos, todo administrable desde Roles y Personal.
# Subtest: el módulo gastos y sus 4 permisos están en el catálogo
ok 242 - el módulo gastos y sus 4 permisos están en el catálogo
  ---
  duration_ms: 1.7053
  ...
# Subtest: el guardia de arranque sigue pasando con el módulo nuevo
ok 243 - el guardia de arranque sigue pasando con el módulo nuevo
  ---
  duration_ms: 2.0489
  ...
# Subtest: el catálogo viene sembrado con grupos y subcategorías
ok 244 - el catálogo viene sembrado con grupos y subcategorías
  ---
  duration_ms: 2.2481
  ...
# Subtest: crearCategoria: agrega un grupo y una subcategoría
ok 245 - crearCategoria: agrega un grupo y una subcategoría
  ---
  duration_ms: 0.5908
  ...
# Subtest: crearCategoria: rechaza nombre vacío y padre inexistente
ok 246 - crearCategoria: rechaza nombre vacío y padre inexistente
  ---
  duration_ms: 1.14
  ...
# Subtest: crearCategoria: no permite anidar una subcategoría dentro de otra subcategoría
ok 247 - crearCategoria: no permite anidar una subcategoría dentro de otra subcategoría
  ---
  duration_ms: 0.5218
  ...
# Subtest: renombrarCategoria cambia el nombre sin tocar nada más
ok 248 - renombrarCategoria cambia el nombre sin tocar nada más
  ---
  duration_ms: 0.4761
  ...
# Subtest: desactivarCategoria: la quita de las activas pero NO la borra
ok 249 - desactivarCategoria: la quita de las activas pero NO la borra
  ---
  duration_ms: 0.6742
  ...
# Subtest: desactivarCategoria: no deja desactivar un grupo con subcategorías activas
ok 250 - desactivarCategoria: no deja desactivar un grupo con subcategorías activas
  ---
  duration_ms: 0.9321
  ...
# Subtest: buscarHojaActiva: acepta una hoja activa y rechaza grupo, inactiva e inexistente
ok 251 - buscarHojaActiva: acepta una hoja activa y rechaza grupo, inactiva e inexistente
  ---
  duration_ms: 0.8362
  ...
# Subtest: un gasto en EFECTIVO baja el efectivo esperado del turno
ok 252 - un gasto en EFECTIVO baja el efectivo esperado del turno
  ---
  duration_ms: 3.5208
  ...
# Subtest: un gasto por TRANSFERENCIA o TARJETA no toca la caja de la tienda
ok 253 - un gasto por TRANSFERENCIA o TARJETA no toca la caja de la tienda
  ---
  duration_ms: 0.5764
  ...
# Subtest: un gasto CANCELADO deja de descontar
ok 254 - un gasto CANCELADO deja de descontar
  ---
  duration_ms: 0.6761
  ...
# Subtest: el gasto de OTRA sucursal no descuadra esta caja
ok 255 - el gasto de OTRA sucursal no descuadra esta caja
  ---
  duration_ms: 0.63
  ...
# Subtest: un turno con gasto en efectivo, gasto por transferencia y gasto cancelado: el conteo coincide con el monto
ok 256 - un turno con gasto en efectivo, gasto por transferencia y gasto cancelado: el conteo coincide con el monto
  ---
  duration_ms: 1.3318
  ...
# Subtest: un gasto ANTERIOR al último corte pertenece a un turno ya cerrado y no vuelve a restar
ok 257 - un gasto ANTERIOR al último corte pertenece a un turno ya cerrado y no vuelve a restar
  ---
  duration_ms: 0.7986
  ...
# Subtest: el corte guardado conserva los gastos del turno y NO cambia si después se cancela uno
ok 258 - el corte guardado conserva los gastos del turno y NO cambia si después se cancela uno
  ---
  duration_ms: 0.6322
  ...
# Subtest: sin gastos, el corte se comporta exactamente igual que antes
ok 259 - sin gastos, el corte se comporta exactamente igual que antes
  ---
  duration_ms: 0.2794
  ...
# Subtest: historialCostoProducto sin compras previas devuelve null en ambos
ok 260 - historialCostoProducto sin compras previas devuelve null en ambos
  ---
  duration_ms: 2.3653
  ...
# Subtest: historialCostoProducto con una compra: ultimo y promedio son el mismo costo, con y sin IVA
ok 261 - historialCostoProducto con una compra: ultimo y promedio son el mismo costo, con y sin IVA
  ---
  duration_ms: 2.8516
  ...
# Subtest: historialCostoProducto con varias compras: ultimo es la mas reciente, promedio es el promedio simple
ok 262 - historialCostoProducto con varias compras: ultimo es la mas reciente, promedio es el promedio simple
  ---
  duration_ms: 1.0784
  ...
# Subtest: parsearReporteVentasSicar agrega un ticket con una linea de producto
ok 263 - parsearReporteVentasSicar agrega un ticket con una linea de producto
  ---
  duration_ms: 3.352
  ...
# Subtest: parsearReporteVentasSicar suma varias lineas de la misma clave en el mismo mes
ok 264 - parsearReporteVentasSicar suma varias lineas de la misma clave en el mismo mes
  ---
  duration_ms: 1.107
  ...
# Subtest: parsearReporteVentasSicar separa la misma clave en meses distintos
ok 265 - parsearReporteVentasSicar separa la misma clave en meses distintos
  ---
  duration_ms: 0.891
  ...
# Subtest: parsearReporteVentasSicar reconoce Nota de Venta igual que Ticket
ok 266 - parsearReporteVentasSicar reconoce Nota de Venta igual que Ticket
  ---
  duration_ms: 0.3454
  ...
# Subtest: parsearReporteVentasSicar reconoce unidades distintas a PZA
ok 267 - parsearReporteVentasSicar reconoce unidades distintas a PZA
  ---
  duration_ms: 0.2194
  ...
# Subtest: parsearReporteVentasSicar ignora renglones fuera de un ticket (encabezado del reporte)
ok 268 - parsearReporteVentasSicar ignora renglones fuera de un ticket (encabezado del reporte)
  ---
  duration_ms: 0.1929
  ...
# Subtest: parsearReporteVentasSicar truena con mensaje claro si no hay ningun ticket en todo el archivo
ok 269 - parsearReporteVentasSicar truena con mensaje claro si no hay ningun ticket en todo el archivo
  ---
  duration_ms: 0.7619
  ...
# Subtest: parsearReporteVentasSicar ignora una linea de producto con cantidad no numerica sin tronar
ok 270 - parsearReporteVentasSicar ignora una linea de producto con cantidad no numerica sin tronar
  ---
  duration_ms: 0.2847
  ...
# Subtest: previsualizarHistorialVentas cuenta claves reconocidas y no reconocidas
ok 271 - previsualizarHistorialVentas cuenta claves reconocidas y no reconocidas
  ---
  duration_ms: 1.106
  ...
# Subtest: aplicarHistorialVentas crea renglones nuevos en DB.pos.historial_ventas_mensual
ok 272 - aplicarHistorialVentas crea renglones nuevos en DB.pos.historial_ventas_mensual
  ---
  duration_ms: 0.6133
  ...
# Subtest: aplicarHistorialVentas ignora claves que no coinciden con ningun producto, sin tronar
ok 273 - aplicarHistorialVentas ignora claves que no coinciden con ningun producto, sin tronar
  ---
  duration_ms: 0.2794
  ...
# Subtest: aplicarHistorialVentas reimportado reemplaza el valor, no lo suma encima
ok 274 - aplicarHistorialVentas reimportado reemplaza el valor, no lo suma encima
  ---
  duration_ms: 0.268
  ...
# Subtest: aplicarHistorialVentas distingue la misma clave y mes en sucursales distintas
ok 275 - aplicarHistorialVentas distingue la misma clave y mes en sucursales distintas
  ---
  duration_ms: 0.9632
  ...
# Subtest: aplicarHistorialVentas nunca toca DB.pos.ventas ni DB.pos.venta_detalle
ok 276 - aplicarHistorialVentas nunca toca DB.pos.ventas ni DB.pos.venta_detalle
  ---
  duration_ms: 0.3672
  ...
# Subtest: un XML inválido lanza un error con mensaje claro (para responder 400 en la ruta)
ok 277 - un XML inválido lanza un error con mensaje claro (para responder 400 en la ruta)
  ---
  duration_ms: 3.7543
  ...
# Subtest: una cuenta recién vista no está bloqueada
ok 278 - una cuenta recién vista no está bloqueada
  ---
  duration_ms: 1.8328
  ...
# Subtest: menos de MAX_INTENTOS fallos no bloquea
ok 279 - menos de MAX_INTENTOS fallos no bloquea
  ---
  duration_ms: 0.2541
  ...
# Subtest: al llegar a MAX_INTENTOS fallos, la cuenta queda bloqueada con tiempo restante
ok 280 - al llegar a MAX_INTENTOS fallos, la cuenta queda bloqueada con tiempo restante
  ---
  duration_ms: 0.2584
  ...
# Subtest: un inicio de sesión exitoso limpia los fallos acumulados
ok 281 - un inicio de sesión exitoso limpia los fallos acumulados
  ---
  duration_ms: 0.2087
  ...
# Subtest: el bloqueo se levanta solo cuando pasa BLOQUEO_MS
ok 282 - el bloqueo se levanta solo cuando pasa BLOQUEO_MS
  ---
  duration_ms: 0.2125
  ...
# Subtest: tras vencer el bloqueo, el contador quedó limpio (no basta un fallo para volver a bloquear)
ok 283 - tras vencer el bloqueo, el contador quedó limpio (no basta un fallo para volver a bloquear)
  ---
  duration_ms: 0.163
  ...
# Subtest: el usuario se normaliza: no se puede esquivar el bloqueo cambiando mayúsculas o espacios
ok 284 - el usuario se normaliza: no se puede esquivar el bloqueo cambiando mayúsculas o espacios
  ---
  duration_ms: 0.1671
  ...
# Subtest: un usuario vacío o nulo no revienta ni bloquea
ok 285 - un usuario vacío o nulo no revienta ni bloquea
  ---
  duration_ms: 0.1511
  ...
# Subtest: cuentas distintas se bloquean por separado
ok 286 - cuentas distintas se bloquean por separado
  ---
  duration_ms: 0.3422
  ...
# Subtest: purgar elimina las entradas viejas que ya no tienen un bloqueo activo
ok 287 - purgar elimina las entradas viejas que ya no tienen un bloqueo activo
  ---
  duration_ms: 0.5057
  ...
# Subtest: purgar conserva un bloqueo todavía activo aunque la entrada sea vieja
ok 288 - purgar conserva un bloqueo todavía activo aunque la entrada sea vieja
  ---
  duration_ms: 0.2329
  ...
# Subtest: purgar conserva las entradas recientes
ok 289 - purgar conserva las entradas recientes
  ---
  duration_ms: 0.1637
  ...
# Subtest: un bombardeo de usuarios distintos NO hace crecer el Map sin límite
ok 290 - un bombardeo de usuarios distintos NO hace crecer el Map sin límite
  ---
  duration_ms: 5137.4283
  ...
# Subtest: el tope duro evita las entradas más antiguas primero
ok 291 - el tope duro evita las entradas más antiguas primero
  ---
  duration_ms: 106.4505
  ...
# Subtest: parsearExcel lee articulos con encabezados estandar
ok 292 - parsearExcel lee articulos con encabezados estandar
  ---
  duration_ms: 45.0052
  ...
# Subtest: parsearExcel reconoce alias con acentos/mayusculas distintos
ok 293 - parsearExcel reconoce alias con acentos/mayusculas distintos
  ---
  duration_ms: 12.8611
  ...
# Subtest: parsearExcel de articulos truena con mensaje claro si falta la clave
ok 294 - parsearExcel de articulos truena con mensaje claro si falta la clave
  ---
  duration_ms: 9.5628
  ...
# Subtest: parsearExcel reporta columnas no reconocidas sin tronar
ok 295 - parsearExcel reporta columnas no reconocidas sin tronar
  ---
  duration_ms: 6.5159
  ...
# Subtest: parsearExcel de articulos reconoce el encabezado real de SICAR IMPUESTO (S/N) para iva
ok 296 - parsearExcel de articulos reconoce el encabezado real de SICAR IMPUESTO (S/N) para iva
  ---
  duration_ms: 9.5999
  ...
# Subtest: aplicarImportacion de articulos: IMPUESTO (S/N) = S da iva true end-to-end
ok 297 - aplicarImportacion de articulos: IMPUESTO (S/N) = S da iva true end-to-end
  ---
  duration_ms: 9.7505
  ...
# Subtest: aplicarImportacion de articulos: IMPUESTO (S/N) = N da iva false end-to-end (bug real: 'N' normalizaba a 'n', que no estaba en la lista de valores falsos)
ok 298 - aplicarImportacion de articulos: IMPUESTO (S/N) = N da iva false end-to-end (bug real: 'N' normalizaba a 'n', que no estaba en la lista de valores falsos)
  ---
  duration_ms: 7.5514
  ...
# Subtest: parsearExcel de clientes reconoce clave cuando esta presente (campo opcional, no obligatorio)
ok 299 - parsearExcel de clientes reconoce clave cuando esta presente (campo opcional, no obligatorio)
  ---
  duration_ms: 7.5537
  ...
# Subtest: parsearExcel de clientes con encabezados reales de SICAR (sin columna de Clave) no truena
ok 300 - parsearExcel de clientes con encabezados reales de SICAR (sin columna de Clave) no truena
  ---
  duration_ms: 8.4878
  ...
# Subtest: parsearExcel de proveedores exige rfc y nombre
ok 301 - parsearExcel de proveedores exige rfc y nombre
  ---
  duration_ms: 7.9867
  ...
# Subtest: parsearExcel truena con mensaje claro si el archivo no es un Excel valido
ok 302 - parsearExcel truena con mensaje claro si el archivo no es un Excel valido
  ---
  duration_ms: 3.0816
  ...
# Subtest: parsearExcel truena con mensaje claro si el archivo no tiene filas de datos
ok 303 - parsearExcel truena con mensaje claro si el archivo no tiene filas de datos
  ---
  duration_ms: 5.932
  ...
# Subtest: parsearExcel truena si el tipo es desconocido
ok 304 - parsearExcel truena si el tipo es desconocido
  ---
  duration_ms: 5.0232
  ...
# Subtest: parsearExcel normaliza una Clave numerica (celda de Excel sin formato de texto) a string
ok 305 - parsearExcel normaliza una Clave numerica (celda de Excel sin formato de texto) a string
  ---
  duration_ms: 7.0878
  ...
# Subtest: parsearExcel normaliza un RFC numerico a string
ok 306 - parsearExcel normaliza un RFC numerico a string
  ---
  duration_ms: 6.5302
  ...
# Subtest: parsearExcel no convierte clave/rfc ausentes en el string literal 'undefined'
ok 307 - parsearExcel no convierte clave/rfc ausentes en el string literal 'undefined'
  ---
  duration_ms: 7.7118
  ...
# Subtest: previsualizarImportacion marca actualizacion si la clave del articulo ya existe
ok 308 - previsualizarImportacion marca actualizacion si la clave del articulo ya existe
  ---
  duration_ms: 1.6042
  ...
# Subtest: previsualizarImportacion marca alta si la clave del articulo no existe
ok 309 - previsualizarImportacion marca alta si la clave del articulo no existe
  ---
  duration_ms: 0.9547
  ...
# Subtest: previsualizarImportacion marca invalida una fila sin clave, sin tumbar las demas
ok 310 - previsualizarImportacion marca invalida una fila sin clave, sin tumbar las demas
  ---
  duration_ms: 0.5984
  ...
# Subtest: previsualizarImportacion marca invalida un costo no numerico
ok 311 - previsualizarImportacion marca invalida un costo no numerico
  ---
  duration_ms: 0.3907
  ...
# Subtest: previsualizarImportacion de articulos hace match por clave_alterna si no coincide el sku
ok 312 - previsualizarImportacion de articulos hace match por clave_alterna si no coincide el sku
  ---
  duration_ms: 0.3468
  ...
# Subtest: previsualizarImportacion de articulos: una Clave numerica en el Excel si matchea contra un sku string ya existente (fix celdas numericas)
ok 313 - previsualizarImportacion de articulos: una Clave numerica en el Excel si matchea contra un sku string ya existente (fix celdas numericas)
  ---
  duration_ms: 5.4989
  ...
# Subtest: previsualizarImportacion de clientes hace match por clave
ok 314 - previsualizarImportacion de clientes hace match por clave
  ---
  duration_ms: 0.584
  ...
# Subtest: previsualizarImportacion de clientes: mismo clave en OTRA sucursal es alta, no actualizacion (evita mezclar clientes de sucursales distintas)
ok 315 - previsualizarImportacion de clientes: mismo clave en OTRA sucursal es alta, no actualizacion (evita mezclar clientes de sucursales distintas)
  ---
  duration_ms: 0.3175
  ...
# Subtest: previsualizarImportacion marca alta si la clave del cliente no existe
ok 316 - previsualizarImportacion marca alta si la clave del cliente no existe
  ---
  duration_ms: 0.2248
  ...
# Subtest: previsualizarImportacion de clientes: fila sin clave es valida y siempre se marca alta (SICAR real no trae Clave para Clientes)
ok 317 - previsualizarImportacion de clientes: fila sin clave es valida y siempre se marca alta (SICAR real no trae Clave para Clientes)
  ---
  duration_ms: 0.2776
  ...
# Subtest: previsualizarImportacion marca invalido un cliente sin nombre (nombre sigue siendo obligatorio)
ok 318 - previsualizarImportacion marca invalido un cliente sin nombre (nombre sigue siendo obligatorio)
  ---
  duration_ms: 0.2045
  ...
# Subtest: previsualizarImportacion marca invalido un limite_credito no numerico
ok 319 - previsualizarImportacion marca invalido un limite_credito no numerico
  ---
  duration_ms: 0.219
  ...
# Subtest: previsualizarImportacion de proveedores hace match por rfc
ok 320 - previsualizarImportacion de proveedores hace match por rfc
  ---
  duration_ms: 0.3058
  ...
# Subtest: previsualizarImportacion marca alta si el rfc del proveedor no existe
ok 321 - previsualizarImportacion marca alta si el rfc del proveedor no existe
  ---
  duration_ms: 0.2151
  ...
# Subtest: previsualizarImportacion de proveedores: fila sin rfc es valida (61% de los proveedores reales de SICAR no traen RFC)
ok 322 - previsualizarImportacion de proveedores: fila sin rfc es valida (61% de los proveedores reales de SICAR no traen RFC)
  ---
  duration_ms: 0.1955
  ...
# Subtest: previsualizarImportacion marca invalido un proveedor sin nombre (nombre sigue siendo obligatorio)
ok 323 - previsualizarImportacion marca invalido un proveedor sin nombre (nombre sigue siendo obligatorio)
  ---
  duration_ms: 0.3042
  ...
# Subtest: previsualizarImportacion de proveedores: sin rfc, matchea por nombre normalizado contra un proveedor existente
ok 324 - previsualizarImportacion de proveedores: sin rfc, matchea por nombre normalizado contra un proveedor existente
  ---
  duration_ms: 0.3721
  ...
# Subtest: previsualizarImportacion de proveedores: sin rfc y sin match de nombre es alta
ok 325 - previsualizarImportacion de proveedores: sin rfc y sin match de nombre es alta
  ---
  duration_ms: 0.1938
  ...
# Subtest: previsualizarImportacion de proveedores: con rfc presente sigue matcheando por rfc, no por nombre (regresion)
ok 326 - previsualizarImportacion de proveedores: con rfc presente sigue matcheando por rfc, no por nombre (regresion)
  ---
  duration_ms: 0.1953
  ...
# Subtest: aplicarImportacion de articulos: alta nueva usa los defaults si el archivo no trae categoria/departamento/unidad
ok 327 - aplicarImportacion de articulos: alta nueva usa los defaults si el archivo no trae categoria/departamento/unidad
  ---
  duration_ms: 0.4365
  ...
# Subtest: aplicarImportacion de articulos: alta nueva sin defaults ni datos en el archivo se reporta como error, no truena
ok 328 - aplicarImportacion de articulos: alta nueva sin defaults ni datos en el archivo se reporta como error, no truena
  ---
  duration_ms: 0.5026
  ...
# Subtest: aplicarImportacion de articulos: actualizacion solo cambia los campos presentes en el archivo
ok 329 - aplicarImportacion de articulos: actualizacion solo cambia los campos presentes en el archivo
  ---
  duration_ms: 1.047
  ...
# Subtest: aplicarImportacion de articulos: ajusta la existencia al VALOR del archivo, no la suma
ok 330 - aplicarImportacion de articulos: ajusta la existencia al VALOR del archivo, no la suma
  ---
  duration_ms: 1.1764
  ...
# Subtest: aplicarImportacion de articulos: una fila con error no bloquea las demas
ok 331 - aplicarImportacion de articulos: una fila con error no bloquea las demas
  ---
  duration_ms: 0.5231
  ...
# Subtest: aplicarImportacion de articulos: si el archivo trae precios, la utilidad se recalcula hacia atras desde el costo
ok 332 - aplicarImportacion de articulos: si el archivo trae precios, la utilidad se recalcula hacia atras desde el costo
  ---
  duration_ms: 0.501
  ...
# Subtest: aplicarImportacion de articulos: reimportar el mismo archivo no duplica (segunda pasada es actualizacion)
ok 333 - aplicarImportacion de articulos: reimportar el mismo archivo no duplica (segunda pasada es actualizacion)
  ---
  duration_ms: 0.6795
  ...
# Subtest: aplicarImportacion de articulos: alta sin descripcion se reporta como error y NO crea categoria/departamento huerfanos
ok 334 - aplicarImportacion de articulos: alta sin descripcion se reporta como error y NO crea categoria/departamento huerfanos
  ---
  duration_ms: 0.4622
  ...
# Subtest: aplicarImportacion de articulos: actualizacion NO aplica defaults del lote a categoria/departamento/unidad/iva omitidos en la fila
ok 335 - aplicarImportacion de articulos: actualizacion NO aplica defaults del lote a categoria/departamento/unidad/iva omitidos en la fila
  ---
  duration_ms: 0.5121
  ...
# Subtest: aplicarImportacion de articulos: si ajustar existencia fallaria (sin registro en esa sucursal), la fila falla SIN mutar el producto
ok 336 - aplicarImportacion de articulos: si ajustar existencia fallaria (sin registro en esa sucursal), la fila falla SIN mutar el producto
  ---
  duration_ms: 1.1002
  ...
# Subtest: aplicarImportacion de articulos: actualizacion que falla por precondicion de existencia NO crea categoria/departamento huerfanos
ok 337 - aplicarImportacion de articulos: actualizacion que falla por precondicion de existencia NO crea categoria/departamento huerfanos
  ---
  duration_ms: 1.0301
  ...
# Subtest: aplicarImportacion de clientes: alta nueva usa la sucursal seleccionada
ok 338 - aplicarImportacion de clientes: alta nueva usa la sucursal seleccionada
  ---
  duration_ms: 0.957
  ...
# Subtest: aplicarImportacion de clientes: actualizacion no borra campos que no vienen en el archivo
ok 339 - aplicarImportacion de clientes: actualizacion no borra campos que no vienen en el archivo
  ---
  duration_ms: 0.5418
  ...
# Subtest: aplicarImportacion de clientes: la actualizacion no toca el sucursal_id del cliente ya existente
ok 340 - aplicarImportacion de clientes: la actualizacion no toca el sucursal_id del cliente ya existente
  ---
  duration_ms: 0.5103
  ...
# Subtest: aplicarImportacion de clientes: mismo clave en OTRA sucursal da de alta un cliente nuevo, sin pisar el de la sucursal original
ok 341 - aplicarImportacion de clientes: mismo clave en OTRA sucursal da de alta un cliente nuevo, sin pisar el de la sucursal original
  ---
  duration_ms: 0.5182
  ...
# Subtest: aplicarImportacion de clientes: dos filas sin clave son SIEMPRE alta, incluso entre si, en llamadas sucesivas (SICAR real no trae clave)
ok 342 - aplicarImportacion de clientes: dos filas sin clave son SIEMPRE alta, incluso entre si, en llamadas sucesivas (SICAR real no trae clave)
  ---
  duration_ms: 0.711
  ...
# Subtest: aplicarImportacion de proveedores: alta nueva y actualizacion por rfc
ok 343 - aplicarImportacion de proveedores: alta nueva y actualizacion por rfc
  ---
  duration_ms: 0.57
  ...
# Subtest: aplicarImportacion de proveedores: dos proveedores distintos sin rfc se dan de alta ambos, sin mezclarse
ok 344 - aplicarImportacion de proveedores: dos proveedores distintos sin rfc se dan de alta ambos, sin mezclarse
  ---
  duration_ms: 0.378
  ...
# Subtest: aplicarImportacion de proveedores: alta sin rfc y sin match de nombre queda con rfc vacio
ok 345 - aplicarImportacion de proveedores: alta sin rfc y sin match de nombre queda con rfc vacio
  ---
  duration_ms: 0.3533
  ...
# Subtest: exportarRespaldo de articulos genera un xlsx que el mismo parser vuelve a leer (ciclo completo)
ok 346 - exportarRespaldo de articulos genera un xlsx que el mismo parser vuelve a leer (ciclo completo)
  ---
  duration_ms: 7.0528
  ...
# Subtest: exportarRespaldo de clientes excluye a Publico en General (id 0)
ok 347 - exportarRespaldo de clientes excluye a Publico en General (id 0)
  ---
  duration_ms: 8.935
  ...
# Subtest: exportarRespaldo de proveedores no depende de sucursal
ok 348 - exportarRespaldo de proveedores no depende de sucursal
  ---
  duration_ms: 6.4134
  ...
# ✓ Sistema de permisos validado: 9 módulos, 76 permisos, todo administrable desde Roles y Personal.
# Subtest: el módulo cuenta_comun existe con sus 3 permisos
ok 349 - el módulo cuenta_comun existe con sus 3 permisos
  ---
  duration_ms: 2.1218
  ...
# Subtest: el guardia de arranque pasa con el módulo nuevo registrado
ok 350 - el guardia de arranque pasa con el módulo nuevo registrado
  ---
  duration_ms: 3.0258
  ...
# ✓ Sistema de permisos validado: 9 módulos, 76 permisos, todo administrable desde Roles y Personal.
# Subtest: existe el permiso conectar_cuenta_drive en modulo admin
ok 351 - existe el permiso conectar_cuenta_drive en modulo admin
  ---
  duration_ms: 4.1191
  ...
# Subtest: existe el permiso gestionar_expedientes en modulo admin
ok 352 - existe el permiso gestionar_expedientes en modulo admin
  ---
  duration_ms: 0.2799
  ...
# Subtest: el guardia de arranque sigue pasando con los permisos nuevos
ok 353 - el guardia de arranque sigue pasando con los permisos nuevos
  ---
  duration_ms: 2.0221
  ...
# ✓ Sistema de permisos validado: 9 módulos, 76 permisos, todo administrable desde Roles y Personal.
# Subtest: existe el permiso migrar_datos en modulo inventario
ok 354 - existe el permiso migrar_datos en modulo inventario
  ---
  duration_ms: 1.9955
  ...
# Subtest: el guardia de arranque sigue pasando con el permiso nuevo
ok 355 - el guardia de arranque sigue pasando con el permiso nuevo
  ---
  duration_ms: 3.1607
  ...
# ✓ Sistema de permisos validado: 9 módulos, 76 permisos, todo administrable desde Roles y Personal.
# Subtest: existe el permiso recibir_compra en modulo inventario
ok 356 - existe el permiso recibir_compra en modulo inventario
  ---
  duration_ms: 2.1943
  ...
# Subtest: el guardia de arranque sigue pasando con el permiso nuevo
ok 357 - el guardia de arranque sigue pasando con el permiso nuevo
  ---
  duration_ms: 2.801
  ...
# Subtest: existe el permiso ver_todas_las_sucursales en modulo admin
ok 358 - existe el permiso ver_todas_las_sucursales en modulo admin
  ---
  duration_ms: 2.045
  ...
# Subtest: Administrador tiene el permiso; Cajero y Gerente no
ok 359 - Administrador tiene el permiso; Cajero y Gerente no
  ---
  duration_ms: 0.9641
  ...
# ✓ Sistema de permisos validado: 9 módulos, 76 permisos, todo administrable desde Roles y Personal.
# Subtest: existe el permiso realizar_traspasos en modulo inventario
ok 360 - existe el permiso realizar_traspasos en modulo inventario
  ---
  duration_ms: 1.6811
  ...
# Subtest: el guardia de arranque sigue pasando con el permiso nuevo
ok 361 - el guardia de arranque sigue pasando con el permiso nuevo
  ---
  duration_ms: 2.0349
  ...
# ✓ Sistema de permisos validado: 9 módulos, 76 permisos, todo administrable desde Roles y Personal.
# Subtest: existe el permiso ver_predicciones en modulo inventario
ok 362 - existe el permiso ver_predicciones en modulo inventario
  ---
  duration_ms: 2.095
  ...
# Subtest: el guardia de arranque sigue pasando con el permiso nuevo
ok 363 - el guardia de arranque sigue pasando con el permiso nuevo
  ---
  duration_ms: 1.8207
  ...
# ✓ Sistema de permisos validado: 9 módulos, 76 permisos, todo administrable desde Roles y Personal.
# Subtest: existe el permiso ver_reportes en modulo reportes
ok 364 - existe el permiso ver_reportes en modulo reportes
  ---
  duration_ms: 1.9672
  ...
# Subtest: el modulo reportes esta registrado en MODULOS_SISTEMA
ok 365 - el modulo reportes esta registrado en MODULOS_SISTEMA
  ---
  duration_ms: 0.3192
  ...
# Subtest: el guardia de arranque sigue pasando con el modulo y permiso nuevos
ok 366 - el guardia de arranque sigue pasando con el modulo y permiso nuevos
  ---
  duration_ms: 2.2284
  ...
# Subtest: predecirDemanda sin historial importado usa solo las ventas reales (comportamiento previo sin cambios)
ok 367 - predecirDemanda sin historial importado usa solo las ventas reales (comportamiento previo sin cambios)
  ---
  duration_ms: 3.7491
  ...
# Subtest: predecirDemanda suma el historial importado a las ventas reales del mismo mes
ok 368 - predecirDemanda suma el historial importado a las ventas reales del mismo mes
  ---
  duration_ms: 0.5778
  ...
# Subtest: predecirDemanda incluye un mes que SOLO tiene historial importado (sin ninguna venta real en ese mes)
ok 369 - predecirDemanda incluye un mes que SOLO tiene historial importado (sin ninguna venta real en ese mes)
  ---
  duration_ms: 1.1826
  ...
# Subtest: predecirDemanda respeta el filtro de categoria_id tambien sobre el historial importado
ok 370 - predecirDemanda respeta el filtro de categoria_id tambien sobre el historial importado
  ---
  duration_ms: 0.8884
  ...
# Subtest: predecirDemanda ignora historial de un producto_id que ya no existe en el catalogo, sin tronar
ok 371 - predecirDemanda ignora historial de un producto_id que ya no existe en el catalogo, sin tronar
  ---
  duration_ms: 0.8034
  ...
# Subtest: crearProducto guarda clave_sat y localizacion
ok 372 - crearProducto guarda clave_sat y localizacion
  ---
  duration_ms: 2.7297
  ...
# Subtest: crearProducto usa cadena vacía si no se manda clave_sat/localizacion
ok 373 - crearProducto usa cadena vacía si no se manda clave_sat/localizacion
  ---
  duration_ms: 0.4282
  ...
# Subtest: actualizarProducto actualiza clave_sat y localizacion
ok 374 - actualizarProducto actualiza clave_sat y localizacion
  ---
  duration_ms: 1.3764
  ...
# Subtest: actualizarProducto conserva clave_sat/localizacion si no se mandan
ok 375 - actualizarProducto conserva clave_sat/localizacion si no se mandan
  ---
  duration_ms: 0.3188
  ...
# Subtest: actualizarProducto no truena si el producto no tiene precios (legacy, datos persistidos antes de esta feature)
ok 376 - actualizarProducto no truena si el producto no tiene precios (legacy, datos persistidos antes de esta feature)
  ---
  duration_ms: 1.0501
  ...
# Subtest: crearProveedor guarda rfc
ok 377 - crearProveedor guarda rfc
  ---
  duration_ms: 0.3124
  ...
# Subtest: crearProveedor usa cadena vacía si no se manda rfc
ok 378 - crearProveedor usa cadena vacía si no se manda rfc
  ---
  duration_ms: 0.2614
  ...
# Subtest: actualizarProducto: conserva el precio_venta si el frontend manda un precios[0] derivado del precio/costo existentes
ok 379 - actualizarProducto: conserva el precio_venta si el frontend manda un precios[0] derivado del precio/costo existentes
  ---
  duration_ms: 3.3703
  ...
# Subtest: actualizarProducto: rechaza guardar si los 4 niveles llegan en $0.00 y el producto ya tenía precio (guardia contra el bug original)
ok 380 - actualizarProducto: rechaza guardar si los 4 niveles llegan en $0.00 y el producto ya tenía precio (guardia contra el bug original)
  ---
  duration_ms: 1.3679
  ...
# Subtest: actualizarProducto: permite un precio bajo pero no cero (ej. producto en $0.01) sin bloquear
ok 381 - actualizarProducto: permite un precio bajo pero no cero (ej. producto en $0.01) sin bloquear
  ---
  duration_ms: 1.4331
  ...
# Subtest: actualizarProducto: no bloquea un producto que ya estaba en $0.00 (no hay nada que proteger)
ok 382 - actualizarProducto: no bloquea un producto que ya estaba en $0.00 (no hay nada que proteger)
  ---
  duration_ms: 0.7283
  ...
# Subtest: crearProducto siembra existencia en todas las sucursales de DB.pos.sucursales
ok 383 - crearProducto siembra existencia en todas las sucursales de DB.pos.sucursales
  ---
  duration_ms: 2.7962
  ...
# Subtest: crearProducto sin sucursalId usa la sucursal 1 por defecto (compatibilidad)
ok 384 - crearProducto sin sucursalId usa la sucursal 1 por defecto (compatibilidad)
  ---
  duration_ms: 0.454
  ...
# Subtest: actualizarProducto ajusta existencia_minima/maxima de la sucursal indicada
ok 385 - actualizarProducto ajusta existencia_minima/maxima de la sucursal indicada
  ---
  duration_ms: 1.8014
  ...
# Subtest: clonarProducto siembra la existencia inicial en la sucursal indicada
ok 386 - clonarProducto siembra la existencia inicial en la sucursal indicada
  ---
  duration_ms: 0.5461
  ...
# Subtest: reporteGastos: totales y agrupaciones
ok 387 - reporteGastos: totales y agrupaciones
  ---
  duration_ms: 9.8671
  ...
# Subtest: reporteGastos: por defecto solo cuenta los activos, y reporta el cancelado aparte
ok 388 - reporteGastos: por defecto solo cuenta los activos, y reporta el cancelado aparte
  ---
  duration_ms: 1.9608
  ...
# Subtest: reporteGastos: estatus 'todos' incluye los cancelados en la lista
ok 389 - reporteGastos: estatus 'todos' incluye los cancelados en la lista
  ---
  duration_ms: 2.3701
  ...
# Subtest: reporteGastos: filtra por categoría y por forma de pago
ok 390 - reporteGastos: filtra por categoría y por forma de pago
  ---
  duration_ms: 1.7592
  ...
# Subtest: reporteGastos: un usuario amarrado solo ve su sucursal
ok 391 - reporteGastos: un usuario amarrado solo ve su sucursal
  ---
  duration_ms: 1.1812
  ...
# Subtest: reporteGastos: sin gastos regresa estructura vacía en ceros
ok 392 - reporteGastos: sin gastos regresa estructura vacía en ceros
  ---
  duration_ms: 0.4737
  ...
# Subtest: reporteGastos hereda el día correcto de crearGasto
ok 393 - reporteGastos hereda el día correcto de crearGasto
  ---
  duration_ms: 1.0408
  ...
# Subtest: reporteVentas: agrupa ventas vigentes y calcula totales
ok 394 - reporteVentas: agrupa ventas vigentes y calcula totales
  ---
  duration_ms: 4.8451
  ...
# Subtest: reporteVentas: respeta el rango de fechas
ok 395 - reporteVentas: respeta el rango de fechas
  ---
  duration_ms: 0.4364
  ...
# Subtest: reporteVentas: separa canceladas y no las suma al total vigente
ok 396 - reporteVentas: separa canceladas y no las suma al total vigente
  ---
  duration_ms: 0.4369
  ...
# Subtest: reporteVentas: agrupa por artículo sumando cantidad e importe
ok 397 - reporteVentas: agrupa por artículo sumando cantidad e importe
  ---
  duration_ms: 0.5335
  ...
# Subtest: reporteVentas: agrupa por vendedor
ok 398 - reporteVentas: agrupa por vendedor
  ---
  duration_ms: 0.3595
  ...
# Subtest: reporteVentas: respeta el alcance de sucursal
ok 399 - reporteVentas: respeta el alcance de sucursal
  ---
  duration_ms: 0.3201
  ...
# Subtest: reporteVentas: filtra por vendedor_id
ok 400 - reporteVentas: filtra por vendedor_id
  ---
  duration_ms: 0.3914
  ...
# Subtest: reporteUtilidad: calcula venta, costo y utilidad con el costo actual del producto
ok 401 - reporteUtilidad: calcula venta, costo y utilidad con el costo actual del producto
  ---
  duration_ms: 0.652
  ...
# Subtest: reporteUtilidad: agrupa por departamento, usa 'Sin departamento' si el producto no tiene uno
ok 402 - reporteUtilidad: agrupa por departamento, usa 'Sin departamento' si el producto no tiene uno
  ---
  duration_ms: 0.4387
  ...
# Subtest: reporteUtilidad: agrupa por el departamento real cuando el producto lo tiene
ok 403 - reporteUtilidad: agrupa por el departamento real cuando el producto lo tiene
  ---
  duration_ms: 0.5715
  ...
# Subtest: reporteUtilidad: no incluye ventas canceladas
ok 404 - reporteUtilidad: no incluye ventas canceladas
  ---
  duration_ms: 0.3537
  ...
# Subtest: reporteUtilidad: calcula el margen porcentual del total
ok 405 - reporteUtilidad: calcula el margen porcentual del total
  ---
  duration_ms: 0.4304
  ...
# Subtest: reporteCompras: agrupa por proveedor y por artículo, con total
ok 406 - reporteCompras: agrupa por proveedor y por artículo, con total
  ---
  duration_ms: 1.0368
  ...
# Subtest: reporteCompras: filtra por proveedor_id
ok 407 - reporteCompras: filtra por proveedor_id
  ---
  duration_ms: 0.4042
  ...
# Subtest: reporteCompras: respeta el alcance de sucursal
ok 408 - reporteCompras: respeta el alcance de sucursal
  ---
  duration_ms: 0.2917
  ...
# Subtest: reporteCortesCaja: lista cortes en el rango y suma totales
ok 409 - reporteCortesCaja: lista cortes en el rango y suma totales
  ---
  duration_ms: 0.5414
  ...
# Subtest: reporteCortesCaja: respeta el rango de fechas y el alcance de sucursal
ok 410 - reporteCortesCaja: respeta el rango de fechas y el alcance de sucursal
  ---
  duration_ms: 0.3548
  ...
# Subtest: reporteCortesCaja: suma correctamente múltiples cortes en totales
ok 411 - reporteCortesCaja: suma correctamente múltiples cortes en totales
  ---
  duration_ms: 0.3241
  ...
# Subtest: reporteCortesCaja: incluye cortes con total_retiro=0 en las sumas (no filtra falsy)
ok 412 - reporteCortesCaja: incluye cortes con total_retiro=0 en las sumas (no filtra falsy)
  ---
  duration_ms: 0.369
  ...
# Subtest: reporteCortesCaja: incluye los gastos del turno cuando el corte los tiene
ok 413 - reporteCortesCaja: incluye los gastos del turno cuando el corte los tiene
  ---
  duration_ms: 0.2935
  ...
# Subtest: reporteCortesCaja: un corte viejo sin gastos_efectivo no rompe el reporte (se ve como 0)
ok 414 - reporteCortesCaja: un corte viejo sin gastos_efectivo no rompe el reporte (se ve como 0)
  ---
  duration_ms: 0.2567
  ...
# Subtest: reporteExistencias: calcula valor de inventario a costo y a precio de venta
ok 415 - reporteExistencias: calcula valor de inventario a costo y a precio de venta
  ---
  duration_ms: 0.5588
  ...
# Subtest: reporteExistencias: filtra por estado 'bajo_minimo'
ok 416 - reporteExistencias: filtra por estado 'bajo_minimo'
  ---
  duration_ms: 0.2304
  ...
# Subtest: reporteExistencias: filtra por estado 'sin_existencia'
ok 417 - reporteExistencias: filtra por estado 'sin_existencia'
  ---
  duration_ms: 0.2165
  ...
# Subtest: reporteExistencias: marca productos sin ninguna línea de venta como sin movimiento
ok 418 - reporteExistencias: marca productos sin ninguna línea de venta como sin movimiento
  ---
  duration_ms: 0.4366
  ...
# Subtest: reporteExistencias: filtra por departamento_id
ok 419 - reporteExistencias: filtra por departamento_id
  ---
  duration_ms: 0.4753
  ...
# Subtest: reporteExistencias: suma correctamente r.totales con múltiples existencias por producto
ok 420 - reporteExistencias: suma correctamente r.totales con múltiples existencias por producto
  ---
  duration_ms: 0.5146
  ...
# Subtest: reporteEstadoCuentaClientes: calcula credito_disponible y excluye a Público en General
ok 421 - reporteEstadoCuentaClientes: calcula credito_disponible y excluye a Público en General
  ---
  duration_ms: 0.6811
  ...
# Subtest: reporteEstadoCuentaClientes: con cliente_id trae el detalle de sus ventas a crédito
ok 422 - reporteEstadoCuentaClientes: con cliente_id trae el detalle de sus ventas a crédito
  ---
  duration_ms: 0.433
  ...
# Subtest: reporteEstadoCuentaClientes: sin cliente_id no trae detalle
ok 423 - reporteEstadoCuentaClientes: sin cliente_id no trae detalle
  ---
  duration_ms: 0.4082
  ...
# Subtest: reporteEstadoCuentaClientes: respeta el alcance de sucursal
ok 424 - reporteEstadoCuentaClientes: respeta el alcance de sucursal
  ---
  duration_ms: 0.3171
  ...
# Subtest: reporteEstadoCuentaClientes: suma correctamente totales con múltiples clientes distintos
ok 425 - reporteEstadoCuentaClientes: suma correctamente totales con múltiples clientes distintos
  ---
  duration_ms: 0.4882
  ...
# Subtest: reporteMovimientosCaja: agrupa entradas (ventas) por forma de pago
ok 426 - reporteMovimientosCaja: agrupa entradas (ventas) por forma de pago
  ---
  duration_ms: 0.706
  ...
# Subtest: reporteMovimientosCaja: no cuenta ventas canceladas como entrada
ok 427 - reporteMovimientosCaja: no cuenta ventas canceladas como entrada
  ---
  duration_ms: 0.3128
  ...
# Subtest: reporteMovimientosCaja: lista los retiros de cada corte como salida
ok 428 - reporteMovimientosCaja: lista los retiros de cada corte como salida
  ---
  duration_ms: 0.4833
  ...
# Subtest: reporteMovimientosCaja: ignora cortes sin retiro
ok 429 - reporteMovimientosCaja: ignora cortes sin retiro
  ---
  duration_ms: 0.3037
  ...
# Subtest: reporteMovimientosCaja: suma correctamente múltiples salidas (retiros) en totales
ok 430 - reporteMovimientosCaja: suma correctamente múltiples salidas (retiros) en totales
  ---
  duration_ms: 0.3387
  ...
# Subtest: reporteVentas: un apartado pendiente (sin liquidar) no aparece en ningún lado del reporte
ok 431 - reporteVentas: un apartado pendiente (sin liquidar) no aparece en ningún lado del reporte
  ---
  duration_ms: 2.6263
  ...
# Subtest: reporteVentas: un apartado liquidado aparece como venta cerrada, con fecha_liquidacion
ok 432 - reporteVentas: un apartado liquidado aparece como venta cerrada, con fecha_liquidacion
  ---
  duration_ms: 0.812
  ...
# Subtest: reporteVentas: filtro tipo_documento='Apartado' aísla solo los apartados ya liquidados
ok 433 - reporteVentas: filtro tipo_documento='Apartado' aísla solo los apartados ya liquidados
  ---
  duration_ms: 0.6371
  ...
# Subtest: reporteVentas: incluye un arreglo de abonos con el detalle de cada pago parcial
ok 434 - reporteVentas: incluye un arreglo de abonos con el detalle de cada pago parcial
  ---
  duration_ms: 0.5294
  ...
# Subtest: reporteVentas: la pestaña Abonos queda vacía si el filtro Documento pide un tipo distinto de Apartado
ok 435 - reporteVentas: la pestaña Abonos queda vacía si el filtro Documento pide un tipo distinto de Apartado
  ---
  duration_ms: 0.4859
  ...
# Subtest: reporteUtilidad: un apartado pendiente no cuenta como utilidad hasta liquidarse
ok 436 - reporteUtilidad: un apartado pendiente no cuenta como utilidad hasta liquidarse
  ---
  duration_ms: 0.3287
  ...
# Subtest: reporteMovimientosCaja: los abonos de un apartado entran como entradas por su propia forma de pago
ok 437 - reporteMovimientosCaja: los abonos de un apartado entran como entradas por su propia forma de pago
  ---
  duration_ms: 0.4422
  ...
# Subtest: reporteMovimientosCaja: NO duplica el dinero cuando el apartado se liquida en el rango consultado
ok 438 - reporteMovimientosCaja: NO duplica el dinero cuando el apartado se liquida en el rango consultado
  ---
  duration_ms: 0.3369
  ...
# Subtest: reporteEstadoCuentaClientes: incluye el saldo de monedero de cada cliente
ok 439 - reporteEstadoCuentaClientes: incluye el saldo de monedero de cada cliente
  ---
  duration_ms: 0.2416
  ...
# Subtest: reporteCompras: una recepción de la noche cae en el día que la tienda vivió
ok 440 - reporteCompras: una recepción de la noche cae en el día que la tienda vivió
  ---
  duration_ms: 0.2164
  ...
# Subtest: reporteGastosGarantias: lista todos los gastos y suma el total
ok 441 - reporteGastosGarantias: lista todos los gastos y suma el total
  ---
  duration_ms: 4.6164
  ...
# Subtest: reporteGastosGarantias: enriquece cada renglón con folio, sucursal, producto y etiqueta
ok 442 - reporteGastosGarantias: enriquece cada renglón con folio, sucursal, producto y etiqueta
  ---
  duration_ms: 0.7261
  ...
# Subtest: reporteGastosGarantias: el general viene ordenado por fecha ascendente
ok 443 - reporteGastosGarantias: el general viene ordenado por fecha ascendente
  ---
  duration_ms: 1.3459
  ...
# Subtest: reporteGastosGarantias: respeta el rango de fechas
ok 444 - reporteGastosGarantias: respeta el rango de fechas
  ---
  duration_ms: 0.5032
  ...
# Subtest: reporteGastosGarantias: incluye los gastos del último día del rango (fecha ISO recortada)
ok 445 - reporteGastosGarantias: incluye los gastos del último día del rango (fecha ISO recortada)
  ---
  duration_ms: 0.421
  ...
# Subtest: reporteGastosGarantias: filtra por tipo
ok 446 - reporteGastosGarantias: filtra por tipo
  ---
  duration_ms: 0.553
  ...
# Subtest: reporteGastosGarantias: agrupa por tipo ordenado por total descendente
ok 447 - reporteGastosGarantias: agrupa por tipo ordenado por total descendente
  ---
  duration_ms: 0.4322
  ...
# Subtest: reporteGastosGarantias: agrupa por sucursal ordenado por total descendente
ok 448 - reporteGastosGarantias: agrupa por sucursal ordenado por total descendente
  ---
  duration_ms: 0.4265
  ...
# Subtest: reporteGastosGarantias: un usuario amarrado solo ve los gastos de SU sucursal
ok 449 - reporteGastosGarantias: un usuario amarrado solo ve los gastos de SU sucursal
  ---
  duration_ms: 0.5343
  ...
# Subtest: reporteGastosGarantias: un gasto huérfano (sin garantía existente) nunca se cuela
ok 450 - reporteGastosGarantias: un gasto huérfano (sin garantía existente) nunca se cuela
  ---
  duration_ms: 0.9189
  ...
# Subtest: reporteGastosGarantias: sin gastos regresa estructura vacía en ceros
ok 451 - reporteGastosGarantias: sin gastos regresa estructura vacía en ceros
  ---
  duration_ms: 0.5943
  ...
# Subtest: Fase 3: cada renglón trae estado, resolución y proveedor con sus etiquetas
ok 452 - Fase 3: cada renglón trae estado, resolución y proveedor con sus etiquetas
  ---
  duration_ms: 1.1587
  ...
# Subtest: Fase 3: total_rechazado suma SOLO los gastos de garantías rechazadas
ok 453 - Fase 3: total_rechazado suma SOLO los gastos de garantías rechazadas
  ---
  duration_ms: 0.4401
  ...
# Subtest: Fase 3: una nota de crédito NO cuenta como pérdida
ok 454 - Fase 3: una nota de crédito NO cuenta como pérdida
  ---
  duration_ms: 0.5419
  ...
# Subtest: Fase 3: total_sin_resolver suma los gastos de garantías que siguen abiertas
ok 455 - Fase 3: total_sin_resolver suma los gastos de garantías que siguen abiertas
  ---
  duration_ms: 0.5189
  ...
# Subtest: Fase 3: filtra por proveedor_id
ok 456 - Fase 3: filtra por proveedor_id
  ---
  duration_ms: 0.5256
  ...
# Subtest: Fase 3: agrupa por proveedor, con renglón propio para los que no tienen
ok 457 - Fase 3: agrupa por proveedor, con renglón propio para los que no tienen
  ---
  duration_ms: 0.6017
  ...
# Subtest: Fase 3: sin_comprobante deja solo los gastos sin comprobante
ok 458 - Fase 3: sin_comprobante deja solo los gastos sin comprobante
  ---
  duration_ms: 0.5777
  ...
# Subtest: Fase 3: sin_comprobante en 'false'/'0'/'' NO filtra nada (trampa del query string)
ok 459 - Fase 3: sin_comprobante en 'false'/'0'/'' NO filtra nada (trampa del query string)
  ---
  duration_ms: 0.8014
  ...
# Subtest: Fase 3: los filtros nuevos respetan el alcance de sucursal
ok 460 - Fase 3: los filtros nuevos respetan el alcance de sucursal
  ---
  duration_ms: 0.9858
  ...
# Subtest: total_sin_resolver NO cuenta las garantías que el proveedor ya resolvió
ok 461 - total_sin_resolver NO cuenta las garantías que el proveedor ya resolvió
  ---
  duration_ms: 1.4055
  ...
# Subtest: total_sin_resolver sí cuenta una garantía ya enviada pero sin resolución
ok 462 - total_sin_resolver sí cuenta una garantía ya enviada pero sin resolución
  ---
  duration_ms: 0.3218
  ...
# Subtest: reporteGastosGarantias: un gasto de la noche cae en el día que la tienda vivió
ok 463 - reporteGastosGarantias: un gasto de la noche cae en el día que la tienda vivió
  ---
  duration_ms: 0.2782
  ...
# Subtest: el Administrador persistido recupera TODOS los módulos y permisos actuales del catálogo
ok 464 - el Administrador persistido recupera TODOS los módulos y permisos actuales del catálogo
  ---
  duration_ms: 2.3868
  ...
# Subtest: no duplica claves que el Administrador ya tenía
ok 465 - no duplica claves que el Administrador ya tenía
  ---
  duration_ms: 0.3052
  ...
# Subtest: un rol NO-Administrador con permisos recortados NO recibe permisos/módulos nuevos (sin escalación silenciosa)
ok 466 - un rol NO-Administrador con permisos recortados NO recibe permisos/módulos nuevos (sin escalación silenciosa)
  ---
  duration_ms: 0.9036
  ...
# Subtest: es idempotente: correrla dos veces deja el mismo resultado
ok 467 - es idempotente: correrla dos veces deja el mismo resultado
  ---
  duration_ms: 0.3856
  ...
# Subtest: si no existe un rol llamado Administrador, no truena y no toca nada
ok 468 - si no existe un rol llamado Administrador, no truena y no toca nada
  ---
  duration_ms: 0.3172
  ...
# Subtest: agrega CEDIS (id 6) con sin_ubicacion true cuando falta en un array legacy de 5
ok 469 - agrega CEDIS (id 6) con sin_ubicacion true cuando falta en un array legacy de 5
  ---
  duration_ms: 1.8022
  ...
# Subtest: la sucursal 5 (MercadoLibre) gana sin_ubicacion true aunque no lo tuviera antes
ok 470 - la sucursal 5 (MercadoLibre) gana sin_ubicacion true aunque no lo tuviera antes
  ---
  duration_ms: 0.4753
  ...
# Subtest: las sucursales 1-4 quedan exactamente iguales (incluyendo lat/lng ya configurados)
ok 471 - las sucursales 1-4 quedan exactamente iguales (incluyendo lat/lng ya configurados)
  ---
  duration_ms: 0.7237
  ...
# Subtest: es idempotente: llamarla dos veces da el mismo resultado que llamarla una vez
ok 472 - es idempotente: llamarla dos veces da el mismo resultado que llamarla una vez
  ---
  duration_ms: 0.616
  ...
# Subtest: un seed fresco ya correcto (6 sucursales) se devuelve equivalente a sí mismo
ok 473 - un seed fresco ya correcto (6 sucursales) se devuelve equivalente a sí mismo
  ---
  duration_ms: 0.2752
  ...
# Subtest: el fixture tiene ventas en varias sucursales y roles sembrados
ok 474 - el fixture tiene ventas en varias sucursales y roles sembrados
  ---
  duration_ms: 3.0207
  ...
# Subtest: crearTraspaso descuenta de inmediato la existencia de origen y queda en_transito
ok 475 - crearTraspaso descuenta de inmediato la existencia de origen y queda en_transito
  ---
  duration_ms: 4.1656
  ...
# Subtest: crearTraspaso rechaza si no hay existencia suficiente en origen
ok 476 - crearTraspaso rechaza si no hay existencia suficiente en origen
  ---
  duration_ms: 1.3268
  ...
# Subtest: crearTraspaso rechaza origen y destino iguales
ok 477 - crearTraspaso rechaza origen y destino iguales
  ---
  duration_ms: 0.3284
  ...
# Subtest: recibirTraspaso abona exactamente la cantidad enviada y guarda el comentario
ok 478 - recibirTraspaso abona exactamente la cantidad enviada y guarda el comentario
  ---
  duration_ms: 0.4741
  ...
# Subtest: recibirTraspaso crea la fila de existencia en destino si el producto no tenía registro ahí
ok 479 - recibirTraspaso crea la fila de existencia en destino si el producto no tenía registro ahí
  ---
  duration_ms: 0.3247
  ...
# Subtest: recibirTraspaso rechaza si lo confirma alguien de otra sucursal
ok 480 - recibirTraspaso rechaza si lo confirma alguien de otra sucursal
  ---
  duration_ms: 0.2902
  ...
# Subtest: recibirTraspaso rechaza un traspaso ya recibido
ok 481 - recibirTraspaso rechaza un traspaso ya recibido
  ---
  duration_ms: 0.4123
  ...
# Subtest: listarTraspasos: usuario amarrado ve los que son origen O destino de su sucursal
ok 482 - listarTraspasos: usuario amarrado ve los que son origen O destino de su sucursal
  ---
  duration_ms: 0.3855
  ...
# Subtest: listarTraspasos: usuario global ve todos y puede filtrar por estatus
ok 483 - listarTraspasos: usuario global ve todos y puede filtrar por estatus
  ---
  duration_ms: 0.4701
  ...
# Subtest: crearTraspaso guarda una foto del costo del producto
ok 484 - crearTraspaso guarda una foto del costo del producto
  ---
  duration_ms: 0.5992
  ...
# Subtest: distanciaMetros entre el mismo punto es 0
ok 485 - distanciaMetros entre el mismo punto es 0
  ---
  duration_ms: 3.3412
  ...
# Subtest: distanciaMetros aproxima 1 grado de longitud en el ecuador a ~111.32 km
ok 486 - distanciaMetros aproxima 1 grado de longitud en el ecuador a ~111.32 km
  ---
  duration_ms: 0.2401
  ...
# Subtest: validarUbicacionLogin: usuario global (ver_todas_las_sucursales) siempre ok, sin pedir sucursal ni ubicación
ok 487 - validarUbicacionLogin: usuario global (ver_todas_las_sucursales) siempre ok, sin pedir sucursal ni ubicación
  ---
  duration_ms: 1.709
  ...
# Subtest: validarUbicacionLogin: usuario amarrado con sucursal seleccionada distinta a la real -> sucursal_no_coincide
ok 488 - validarUbicacionLogin: usuario amarrado con sucursal seleccionada distinta a la real -> sucursal_no_coincide
  ---
  duration_ms: 0.3128
  ...
# Subtest: validarUbicacionLogin: sucursal correcta pero sin coordenadas configuradas -> ok (no bloquea)
ok 489 - validarUbicacionLogin: sucursal correcta pero sin coordenadas configuradas -> ok (no bloquea)
  ---
  duration_ms: 0.4477
  ...
# Subtest: validarUbicacionLogin: sin lat/lng cuando la sucursal SÍ tiene coordenadas -> sin_permiso_ubicacion
ok 490 - validarUbicacionLogin: sin lat/lng cuando la sucursal SÍ tiene coordenadas -> sin_permiso_ubicacion
  ---
  duration_ms: 0.3676
  ...
# Subtest: validarUbicacionLogin: fuera del radio de tolerancia -> ubicacion_no_coincide
ok 491 - validarUbicacionLogin: fuera del radio de tolerancia -> ubicacion_no_coincide
  ---
  duration_ms: 0.7578
  ...
# Subtest: validarUbicacionLogin: dentro del radio de tolerancia -> ok
ok 492 - validarUbicacionLogin: dentro del radio de tolerancia -> ok
  ---
  duration_ms: 0.3316
  ...
# Subtest: validarUbicacionLogin: lat/lng no numéricos (basura) se tratan igual que ausentes -> sin_permiso_ubicacion
ok 493 - validarUbicacionLogin: lat/lng no numéricos (basura) se tratan igual que ausentes -> sin_permiso_ubicacion
  ---
  duration_ms: 0.3828
  ...
# Subtest: actualizarUsuario: cambia la contraseña cuando se manda una nueva válida
ok 494 - actualizarUsuario: cambia la contraseña cuando se manda una nueva válida
  ---
  duration_ms: 93.69
  ...
# Subtest: actualizarUsuario: NO cambia la contraseña cuando no se manda
ok 495 - actualizarUsuario: NO cambia la contraseña cuando no se manda
  ---
  duration_ms: 0.5273
  ...
# Subtest: actualizarUsuario: NO cambia la contraseña cuando se manda vacía
ok 496 - actualizarUsuario: NO cambia la contraseña cuando se manda vacía
  ---
  duration_ms: 0.4766
  ...
# Subtest: actualizarUsuario: rechaza una contraseña nueva de menos de 6 caracteres
ok 497 - actualizarUsuario: rechaza una contraseña nueva de menos de 6 caracteres
  ---
  duration_ms: 0.9666
  ...
# Subtest: actualizarUsuario: cambia la sucursal cuando se manda sucursal_id
ok 498 - actualizarUsuario: cambia la sucursal cuando se manda sucursal_id
  ---
  duration_ms: 0.353
  ...
# Subtest: actualizarUsuario: NO cambia la sucursal cuando no se manda
ok 499 - actualizarUsuario: NO cambia la sucursal cuando no se manda
  ---
  duration_ms: 0.2642
  ...
# Subtest: esAccionSobreSiMismo: true cuando el id objetivo es el mismo que el solicitante
ok 500 - esAccionSobreSiMismo: true cuando el id objetivo es el mismo que el solicitante
  ---
  duration_ms: 0.1355
  ...
# Subtest: esAccionSobreSiMismo: false cuando son distintos
ok 501 - esAccionSobreSiMismo: false cuando son distintos
  ---
  duration_ms: 0.1168
  ...
# Subtest: eliminarUsuario: remueve al usuario correctamente
ok 502 - eliminarUsuario: remueve al usuario correctamente
  ---
  duration_ms: 0.9167
  ...
# Subtest: eliminarUsuario: lanza error si el id no existe
ok 503 - eliminarUsuario: lanza error si el id no existe
  ---
  duration_ms: 0.9207
  ...
# Subtest: eliminarUsuario: no afecta el usuario_nombre ya guardado en un corte de caja existente
ok 504 - eliminarUsuario: no afecta el usuario_nombre ya guardado en un corte de caja existente
  ---
  duration_ms: 1.1616
  ...
# Subtest: guard de autodesactivación: activo=0 (no estrictamente false) también debe bloquear la autodesactivación
ok 505 - guard de autodesactivación: activo=0 (no estrictamente false) también debe bloquear la autodesactivación
  ---
  duration_ms: 0.1896
  ...
1..505
# tests 505
# suites 0
# pass 505
# fail 0
# cancelled 0
# skipped 0
# todo 0
# duration_ms 43628.8004
